-- Licensed to the Apache Software Foundation (ASF) under one
-- or more contributor license agreements.  See the NOTICE file
-- distributed with this work for additional information
-- regarding copyright ownership.  The ASF licenses this file
-- to you under the Apache License, Version 2.0 (the
-- "License"); you may not use this file except in compliance
-- with the License.  You may obtain a copy of the License at
--
--   http://www.apache.org/licenses/LICENSE-2.0
--
-- Unless required by applicable law or agreed to in writing,
-- software distributed under the License is distributed on an
-- "AS IS" BASIS, WITHOUT WARRANTIES OR CONDITIONS OF ANY
-- KIND, either express or implied.  See the License for the
-- specific language governing permissions and limitations
-- under the License.
CREATE EXTENSION datafusion_executor;
SELECT datafusion_version() ~ '^datafusion [0-9]+\.[0-9]+\.[0-9]+$' AS version_ok;
 version_ok 
------------
 t
(1 row)

-- A panic inside Rust must surface as an ordinary ERROR and leave the
-- backend usable.
SELECT datafusion_debug_panic();
ERROR:  datafusion panicked: datafusion_debug_panic requested (df_init.c:XXX)
SELECT 1 AS backend_alive;
 backend_alive 
---------------
             1
(1 row)

DROP EXTENSION datafusion_executor;
