-- Licensed to the Apache Software Foundation (ASF) under one
-- or more contributor license agreements.  See the NOTICE file
-- distributed with this work for additional information
-- regarding copyright ownership.  The ASF licenses this file
-- to you under the Apache License, Version 2.0 (the
-- "License"); you may not use this file except in compliance
-- with the License.  You may obtain a copy of the License at
--
--   http://www.apache.org/licenses/LICENSE-2.0
--
-- Unless required by applicable law or agreed to in writing,
-- software distributed under the License is distributed on an
-- "AS IS" BASIS, WITHOUT WARRANTIES OR CONDITIONS OF ANY
-- KIND, either express or implied.  See the License for the
-- specific language governing permissions and limitations
-- under the License.
--
-- Executor and EXPLAIN hooks (M2): datafusion.mode, slice eligibility and
-- routing.  Coordinator-only catalog tables give single-slice plans with
-- no Motion, the only shape that qualifies before Motion support.
--
CREATE EXTENSION datafusion_executor;
SET optimizer = off;
-- off (the default): EXPLAIN is unchanged.
SHOW datafusion.mode;
 datafusion.mode 
-----------------
 off
(1 row)

EXPLAIN (COSTS OFF) SELECT count(*) FROM pg_class WHERE relpages > 0;
             QUERY PLAN              
-------------------------------------
 Aggregate
   ->  Seq Scan on pg_class
         Filter: (relpages > 0)
 Optimizer: Postgres query optimizer
(4 rows)

-- explain: one line per slice.
SET datafusion.mode = explain;
EXPLAIN (COSTS OFF) SELECT count(*) FROM pg_class WHERE relpages > 0;
             QUERY PLAN              
-------------------------------------
 Aggregate
   ->  Seq Scan on pg_class
         Filter: (relpages > 0)
 Optimizer: Postgres query optimizer
 DataFusion: slice 0 eligible
(5 rows)

EXPLAIN (COSTS OFF) SELECT relnatts, sum(relpages), max(reltuples)
FROM pg_class WHERE relhasindex AND relpages >= 0 GROUP BY relnatts;
                    QUERY PLAN                     
---------------------------------------------------
 HashAggregate
   Group Key: relnatts
   ->  Seq Scan on pg_class
         Filter: (relhasindex AND (relpages >= 0))
 Optimizer: Postgres query optimizer
 DataFusion: slice 0 eligible
(6 rows)

-- Each of these stays on the PostgreSQL executor, with the reason.
EXPLAIN (COSTS OFF) SELECT relname FROM pg_class;
                      QUERY PLAN                       
-------------------------------------------------------
 Seq Scan on pg_class
 Optimizer: Postgres query optimizer
 DataFusion: slice 0 not eligible: column of type name
(3 rows)

EXPLAIN (COSTS OFF) SELECT avg(relpages) FROM pg_class;
                            QUERY PLAN                             
-------------------------------------------------------------------
 Aggregate
   ->  Seq Scan on pg_class
 Optimizer: Postgres query optimizer
 DataFusion: slice 0 not eligible: aggregate avg returning numeric
(4 rows)

EXPLAIN (COSTS OFF) SELECT count(DISTINCT relnatts) FROM pg_class;
                                  QUERY PLAN                                   
-------------------------------------------------------------------------------
 Aggregate
   ->  Seq Scan on pg_class
 Optimizer: Postgres query optimizer
 DataFusion: slice 0 not eligible: DISTINCT or ORDER BY inside aggregate count
(4 rows)

EXPLAIN (COSTS OFF) SELECT count(*) FROM pg_class WHERE relpages > 0 LIMIT 1;
                        QUERY PLAN                        
----------------------------------------------------------
 Limit
   ->  Aggregate
         ->  Seq Scan on pg_class
               Filter: (relpages > 0)
 Optimizer: Postgres query optimizer
 DataFusion: slice 0 not eligible: Limit is not supported
(6 rows)

EXPLAIN (COSTS OFF) SELECT count(*) FROM pg_class WHERE abs(relpages) > 0;
                    QUERY PLAN                    
--------------------------------------------------
 Aggregate
   ->  Seq Scan on pg_class
         Filter: (abs(relpages) > 0)
 Optimizer: Postgres query optimizer
 DataFusion: slice 0 not eligible: function abs()
(5 rows)

EXPLAIN (COSTS OFF) SELECT count(*) FROM pg_class WHERE relnatts IN (1, 2);
                      QUERY PLAN                       
-------------------------------------------------------
 Aggregate
   ->  Seq Scan on pg_class
         Filter: (relnatts = ANY ('{1,2}'::integer[]))
 Optimizer: Postgres query optimizer
 DataFusion: slice 0 not eligible: IN or ANY list
(5 rows)

EXPLAIN (COSTS OFF) SELECT count(*) FROM pg_class c JOIN pg_attribute a ON a.attrelid = c.oid;
                     QUERY PLAN                      
-----------------------------------------------------
 Aggregate
   ->  Hash Join
         Hash Cond: (a.attrelid = c.oid)
         ->  Seq Scan on pg_attribute a
         ->  Hash
               ->  Seq Scan on pg_class c
 Optimizer: Postgres query optimizer
 DataFusion: slice 0 not eligible: operator = on oid
(8 rows)

-- Distributed tables: the coordinator's slice receives from a Motion and
-- stays on PostgreSQL; a segment slice below its sending Motion can qualify.
CREATE TABLE df_hooks_t (a int, b int8, c float8) DISTRIBUTED BY (a);
EXPLAIN (COSTS OFF) SELECT a, b FROM df_hooks_t WHERE c > 0;
                                              QUERY PLAN                                              
------------------------------------------------------------------------------------------------------
 Gather Motion 3:1  (slice1; segments: 3)
   ->  Seq Scan on df_hooks_t
         Filter: (c > '0'::double precision)
 Optimizer: Postgres query optimizer
 DataFusion: slice 0 not eligible: receives rows from a Gather Motion with nothing to compute on them
 DataFusion: slice 1 eligible
(6 rows)

EXPLAIN (COSTS OFF) SELECT sum(b) FROM df_hooks_t;
                                         QUERY PLAN                                         
--------------------------------------------------------------------------------------------
 Finalize Aggregate
   ->  Gather Motion 3:1  (slice1; segments: 3)
         ->  Partial Aggregate
               ->  Seq Scan on df_hooks_t
 Optimizer: Postgres query optimizer
 DataFusion: slice 0 not eligible: combining stage of aggregate sum
 DataFusion: slice 1 not eligible: partial aggregate sum with a serialized transition state
(7 rows)

-- Structured formats are left untouched.
EXPLAIN (COSTS OFF, FORMAT JSON) SELECT count(*) FROM pg_class WHERE relpages > 0;
                  QUERY PLAN                   
-----------------------------------------------
 [                                            +
   {                                          +
     "Plan": {                                +
       "Node Type": "Aggregate",              +
       "Strategy": "Plain",                   +
       "Partial Mode": "Simple",              +
       "Slice": 0,                            +
       "Segments": 0,                         +
       "Gang Type": "unallocated",            +
       "Parallel Aware": false,               +
       "Async Capable": false,                +
       "Plans": [                             +
         {                                    +
           "Node Type": "Seq Scan",           +
           "Parent Relationship": "Outer",    +
           "Slice": 0,                        +
           "Segments": 0,                     +
           "Gang Type": "unallocated",        +
           "Parallel Aware": false,           +
           "Async Capable": false,            +
           "Relation Name": "pg_class",       +
           "Alias": "pg_class",               +
           "Filter": "(relpages > 0)"         +
         }                                    +
       ]                                      +
     },                                       +
     "Settings": {                            +
       "Optimizer": "Postgres query optimizer"+
     }                                        +
   }                                          +
 ]
(1 row)

-- explain mode never routes anything.
SELECT count(*) > 0 AS ok FROM pg_class WHERE relpages >= 0;
 ok 
----
 t
(1 row)

SELECT datafusion_debug_takeovers();
 datafusion_debug_takeovers 
----------------------------
                          0
(1 row)

-- on: eligible slices are routed (still executed by PostgreSQL until M3),
-- and give the same results.
SET datafusion.mode = on;
SELECT count(*) > 0 AS ok FROM pg_class WHERE relpages >= 0;
 ok 
----
 t
(1 row)

SELECT datafusion_debug_takeovers();
 datafusion_debug_takeovers 
----------------------------
                          1
(1 row)

SELECT count(*) > 0 AS ok FROM pg_class WHERE relpages >= 0 LIMIT 1;
 ok 
----
 t
(1 row)

SELECT datafusion_debug_takeovers();
 datafusion_debug_takeovers 
----------------------------
                          1
(1 row)

INSERT INTO df_hooks_t SELECT i, i, i FROM generate_series(1, 100) i;
SELECT sum(b), count(*) FROM df_hooks_t WHERE c > 50;
 sum  | count 
------+-------
 3775 |    50
(1 row)

SELECT datafusion_debug_takeovers();
 datafusion_debug_takeovers 
----------------------------
                          1
(1 row)

EXPLAIN (COSTS OFF) SELECT count(*) FROM pg_class WHERE relpages > 0;
             QUERY PLAN              
-------------------------------------
 Aggregate
   ->  Seq Scan on pg_class
         Filter: (relpages > 0)
 Optimizer: Postgres query optimizer
 DataFusion: slice 0 eligible
(5 rows)

SELECT datafusion_debug_takeovers();
 datafusion_debug_takeovers 
----------------------------
                          1
(1 row)

-- An error while a routed slice runs drops its record with the query; the
-- next query is routed normally.
SELECT count(*) FROM pg_class WHERE relpages / 0 > 0;
ERROR:  division by zero
SELECT count(*) > 0 AS ok FROM pg_class WHERE relpages >= 0;
 ok 
----
 t
(1 row)

SELECT datafusion_debug_takeovers();
 datafusion_debug_takeovers 
----------------------------
                          3
(1 row)

-- A cursor runs its slice once per FETCH.
BEGIN;
DECLARE df_cur CURSOR FOR
  SELECT relnatts, count(*) FROM pg_class WHERE relpages >= 0 GROUP BY relnatts;
FETCH 1 FROM df_cur \gset
FETCH 1 FROM df_cur \gset
CLOSE df_cur;
COMMIT;
SELECT datafusion_debug_takeovers();
 datafusion_debug_takeovers 
----------------------------
                          5
(1 row)

-- Not tested here: an updatable cursor (e.g. a plain SELECT over pg_class)
-- carries the system columns ctid and gp_segment_id for WHERE CURRENT OF and
-- so stays on PostgreSQL.  Whether Cloudberry treats the cursor as updatable
-- currently varies from run to run for the same statement, which would make
-- the takeover count flaky.
DROP TABLE df_hooks_t;
RESET datafusion.mode;
DROP EXTENSION datafusion_executor;
