-- Licensed to the Apache Software Foundation (ASF) under one
-- or more contributor license agreements.  See the NOTICE file
-- distributed with this work for additional information
-- regarding copyright ownership.  The ASF licenses this file
-- to you under the Apache License, Version 2.0 (the
-- "License"); you may not use this file except in compliance
-- with the License.  You may obtain a copy of the License at
--
--   http://www.apache.org/licenses/LICENSE-2.0
--
-- Unless required by applicable law or agreed to in writing,
-- software distributed under the License is distributed on an
-- "AS IS" BASIS, WITHOUT WARRANTIES OR CONDITIONS OF ANY
-- KIND, either express or implied.  See the License for the
-- specific language governing permissions and limitations
-- under the License.
--
-- numeric results of aggregates over integers (N1): sum(int8) and avg of
-- int2, int4 and int8.  DataFusion adds the values exactly as
-- Decimal128(38, 0); the C side builds the numeric values with
-- numeric_in, and avg as numeric_div(sum, count), the way int8_avg and
-- numeric_poly_avg do, so display scales are PostgreSQL's.  Split through
-- a batch Motion, the partial stage sends that sum (and count) instead of
-- PostgreSQL's serialized state.  Each query runs with datafusion.mode
-- off, then on; the two results must match.
--
CREATE EXTENSION datafusion_executor;
ALTER DATABASE contrib_regression SET session_preload_libraries = 'datafusion_executor';
\c
SET optimizer = off;
SET datafusion.worker_threads = 2;
CREATE TABLE df_nm (g int4, a int4, b int8, e int2) DISTRIBUTED BY (g);
INSERT INTO df_nm SELECT i % 20, i, i::int8 * 1000003, (i % 300)::int2 FROM generate_series(1, 100000) i;
-- sums beyond int8, and the extremes of each type
INSERT INTO df_nm SELECT 77, 2147483647, 9223372036854775807, 32767 FROM generate_series(1, 5);
INSERT INTO df_nm SELECT 78, -2147483648, -9223372036854775808, -32768 FROM generate_series(1, 3);
INSERT INTO df_nm VALUES (79, NULL, NULL, NULL), (80, 1, 1, 1), (80, 2, 2, 2), (81, 1, -1, 1), (81, 0, 0, 0);
CREATE TABLE df_nm_empty (g int4, a int4, b int8, e int2) DISTRIBUTED BY (g);
ANALYZE df_nm;
SET datafusion.mode = explain;
-- grouped by the distribution key: one stage
EXPLAIN (COSTS OFF) SELECT g, sum(b), avg(a) FROM df_nm GROUP BY g;
                                              QUERY PLAN                                              
------------------------------------------------------------------------------------------------------
 Gather Motion 3:1  (slice1; segments: 3)
   ->  HashAggregate
         Group Key: g
         ->  Seq Scan on df_nm
 Optimizer: Postgres query optimizer
 DataFusion: slice 0 not eligible: receives rows from a Gather Motion with nothing to compute on them
 DataFusion: slice 1 eligible
(7 rows)

-- two stages: PostgreSQL's serialized states, unless batch Motions carry ours
EXPLAIN (COSTS OFF) SELECT sum(b), avg(b) FROM df_nm;
                                   QUERY PLAN                                    
---------------------------------------------------------------------------------
 Finalize Aggregate
   ->  Gather Motion 3:1  (slice1; segments: 3)
         ->  Partial Aggregate
               ->  Seq Scan on df_nm
 Optimizer: Postgres query optimizer
 DataFusion: slice 0 not eligible: combining aggregate sum without batch Motions
 DataFusion: slice 1 not eligible: partial aggregate sum without batch Motions
(7 rows)

SET datafusion.motion_batches = on;
EXPLAIN (COSTS OFF) SELECT sum(b), avg(b) FROM df_nm;
                    QUERY PLAN                     
---------------------------------------------------
 Finalize Aggregate
   ->  Gather Motion 3:1  (slice1; segments: 3)
         ->  Partial Aggregate
               ->  Seq Scan on df_nm
 Optimizer: Postgres query optimizer
 DataFusion: slice 0 eligible
 DataFusion: slice 1 eligible, sends Arrow batches
(7 rows)

-- numeric results are not computed on further yet
EXPLAIN (COSTS OFF) SELECT g, avg(a) + 1 FROM df_nm GROUP BY g;
                                              QUERY PLAN                                              
------------------------------------------------------------------------------------------------------
 Gather Motion 3:1  (slice1; segments: 3)
   ->  HashAggregate
         Group Key: g
         ->  Seq Scan on df_nm
 Optimizer: Postgres query optimizer
 DataFusion: slice 0 not eligible: receives rows from a Gather Motion with nothing to compute on them
 DataFusion: slice 1 not eligible: operator + on numeric and numeric
(7 rows)

RESET datafusion.motion_batches;
SET datafusion.mode = off;
SELECT g, sum(b), avg(a), avg(b), avg(e), count(*) FROM df_nm WHERE g >= 15 GROUP BY g ORDER BY g;
 g  |          sum          |          avg           |           avg           |          avg           | count 
----+-----------------------+------------------------+-------------------------+------------------------+-------
 15 |       250025750075000 |     50005.000000000000 |    50005150015.00000000 |   154.9000000000000000 |  5000
 16 |       250030750090000 |     50006.000000000000 |    50006150018.00000000 |   155.9000000000000000 |  5000
 17 |       250035750105000 |     50007.000000000000 |    50007150021.00000000 |   156.9000000000000000 |  5000
 18 |       250040750120000 |     50008.000000000000 |    50008150024.00000000 |   157.9000000000000000 |  5000
 19 |       250045750135000 |     50009.000000000000 |    50009150027.00000000 |   158.9000000000000000 |  5000
 77 |  46116860184273879035 |    2147483647.00000000 |     9223372036854775807 |     32767.000000000000 |     5
 78 | -27670116110564327424 |   -2147483648.00000000 |    -9223372036854775808 |    -32768.000000000000 |     3
 79 |                       |                        |                         |                        |     1
 80 |                     3 |     1.5000000000000000 |      1.5000000000000000 |     1.5000000000000000 |     2
 81 |                    -1 | 0.50000000000000000000 | -0.50000000000000000000 | 0.50000000000000000000 |     2
(10 rows)

SELECT sum(b), avg(a), avg(b), avg(e) FROM df_nm;
         sum          |        avg         |         avg          |         avg          
----------------------+--------------------+----------------------+----------------------
 18451744138709701613 | 92939.020267567892 | 184495301950862.9126 | 150.0383453985521737
(1 row)

SELECT sum(b), avg(a), avg(b), avg(e) FROM df_nm_empty;
 sum | avg | avg | avg 
-----+-----+-----+-----
     |     |     |    
(1 row)

SET datafusion.mode = on;
SELECT g, sum(b), avg(a), avg(b), avg(e), count(*) FROM df_nm WHERE g >= 15 GROUP BY g ORDER BY g;
 g  |          sum          |          avg           |           avg           |          avg           | count 
----+-----------------------+------------------------+-------------------------+------------------------+-------
 15 |       250025750075000 |     50005.000000000000 |    50005150015.00000000 |   154.9000000000000000 |  5000
 16 |       250030750090000 |     50006.000000000000 |    50006150018.00000000 |   155.9000000000000000 |  5000
 17 |       250035750105000 |     50007.000000000000 |    50007150021.00000000 |   156.9000000000000000 |  5000
 18 |       250040750120000 |     50008.000000000000 |    50008150024.00000000 |   157.9000000000000000 |  5000
 19 |       250045750135000 |     50009.000000000000 |    50009150027.00000000 |   158.9000000000000000 |  5000
 77 |  46116860184273879035 |    2147483647.00000000 |     9223372036854775807 |     32767.000000000000 |     5
 78 | -27670116110564327424 |   -2147483648.00000000 |    -9223372036854775808 |    -32768.000000000000 |     3
 79 |                       |                        |                         |                        |     1
 80 |                     3 |     1.5000000000000000 |      1.5000000000000000 |     1.5000000000000000 |     2
 81 |                    -1 | 0.50000000000000000000 | -0.50000000000000000000 | 0.50000000000000000000 |     2
(10 rows)

SET datafusion.motion_batches = on;
SELECT sum(b), avg(a), avg(b), avg(e) FROM df_nm;
         sum          |        avg         |         avg          |         avg          
----------------------+--------------------+----------------------+----------------------
 18451744138709701613 | 92939.020267567892 | 184495301950862.9126 | 150.0383453985521737
(1 row)

SELECT sum(b), avg(a), avg(b), avg(e) FROM df_nm_empty;
 sum | avg | avg | avg 
-----+-----+-----+-----
     |     |     |    
(1 row)

SELECT a % 7 AS k, sum(b), avg(e) FROM df_nm GROUP BY a % 7 ORDER BY k;
 k  |          sum          |         avg          
----+-----------------------+----------------------
 -2 | -27670116110564327424 |  -32768.000000000000
  0 |       714266427792855 | 149.3899622007559849
  1 |  46117574464987714748 | 160.7925557965437627
  2 |       714294999878573 | 149.4056834884860363
  3 |       714309285921429 | 149.4080218395632087
  4 |       714323571964287 | 149.4000419991600168
  5 |       714337858007145 | 149.3920621587568249
  6 |       714252142750000 | 149.3874693734686734
    |                       |                     
(9 rows)

SET datafusion.mode = off;
SELECT a % 7 AS k, sum(b), avg(e) FROM df_nm GROUP BY a % 7 ORDER BY k;
 k  |          sum          |         avg          
----+-----------------------+----------------------
 -2 | -27670116110564327424 |  -32768.000000000000
  0 |       714266427792855 | 149.3899622007559849
  1 |  46117574464987714748 | 160.7925557965437627
  2 |       714294999878573 | 149.4056834884860363
  3 |       714309285921429 | 149.4080218395632087
  4 |       714323571964287 | 149.4000419991600168
  5 |       714337858007145 | 149.3920621587568249
  6 |       714252142750000 | 149.3874693734686734
    |                       |                     
(9 rows)

-- numeric(p, s) columns with p <= 38 (N2): Decimal128(38, s), NaN above
-- every value; sum and avg need p <= 28 to stay within 38 digits.
CREATE TABLE df_nc (id int, g int, a numeric(10,2), b numeric(15,4), c numeric(38,0),
  d numeric(28,10), u numeric) DISTRIBUTED BY (id);
INSERT INTO df_nc SELECT i, i % 7, ((i::bigint * 7919) % 2000000 - 1000000) / 100.0,
  ((i::bigint * 104729) % 20000000 - 10000000) / 10000.0,
  i::numeric * 99999999999999999999999, ((i * 31) % 1000) / 1234567.0, i / 3.0
FROM generate_series(1, 50000) i;
INSERT INTO df_nc VALUES (-1, 90, 'NaN', 'NaN', 'NaN', 'NaN', 'NaN'),
  (-2, 90, 1.5, 2.25, 3, 0.0000000001, 1), (-3, 91, NULL, NULL, NULL, NULL, NULL),
  (-4, 92, 99999999.99, 99999999999.9999, 99999999999999999999999999999999999999,
   999999999999999999.9999999999, 0),
  (-5, 92, -99999999.99, -99999999999.9999, -99999999999999999999999999999999999999,
   -999999999999999999.9999999999, 0),
  (-6, 93, 0, -0.0001, 0, 0, 0), (-7, 93, 1.50, 1.5, 1, 1.5, 1.5);
CREATE TABLE df_nc2 AS SELECT id, b AS a2, a AS b2 FROM df_nc WHERE id % 3 = 0 OR id < 0
DISTRIBUTED BY (id);
ANALYZE df_nc;
ANALYZE df_nc2;
SET enable_nestloop = off;
SET enable_mergejoin = off;
SET datafusion.mode = explain;
EXPLAIN (COSTS OFF) SELECT g, sum(a), avg(b), min(c), max(d) FROM df_nc WHERE b < a AND a > 100.5 GROUP BY g;
                                              QUERY PLAN                                              
------------------------------------------------------------------------------------------------------
 Gather Motion 3:1  (slice1; segments: 3)
   ->  Finalize HashAggregate
         Group Key: g
         ->  Redistribute Motion 3:3  (slice2; segments: 3)
               Hash Key: g
               ->  Streaming Partial HashAggregate
                     Group Key: g
                     ->  Seq Scan on df_nc
                           Filter: ((b < a) AND (a > 100.5))
 Optimizer: Postgres query optimizer
 DataFusion: slice 0 not eligible: receives rows from a Gather Motion with nothing to compute on them
 DataFusion: slice 1 eligible
 DataFusion: slice 2 eligible, sends Arrow batches
(13 rows)

EXPLAIN (COSTS OFF) SELECT sum(c) FROM df_nc;
                                               QUERY PLAN                                               
--------------------------------------------------------------------------------------------------------
 Finalize Aggregate
   ->  Gather Motion 3:1  (slice1; segments: 3)
         ->  Partial Aggregate
               ->  Seq Scan on df_nc
 Optimizer: Postgres query optimizer
 DataFusion: slice 0 not eligible: combining aggregate sum without batch Motions
 DataFusion: slice 1 not eligible: aggregate sum of numeric of unknown precision or more than 28 digits
(7 rows)

EXPLAIN (COSTS OFF) SELECT min(u) FROM df_nc;
                                       QUERY PLAN                                       
----------------------------------------------------------------------------------------
 Finalize Aggregate
   ->  Gather Motion 3:1  (slice1; segments: 3)
         ->  Partial Aggregate
               ->  Seq Scan on df_nc
 Optimizer: Postgres query optimizer
 DataFusion: slice 0 not eligible: aggregate min returning numeric of unknown precision
 DataFusion: slice 1 not eligible: aggregate min returning numeric of unknown precision
(7 rows)

EXPLAIN (COSTS OFF) SELECT a + 1 FROM df_nc;
                                              QUERY PLAN                                              
------------------------------------------------------------------------------------------------------
 Gather Motion 3:1  (slice1; segments: 3)
   ->  Seq Scan on df_nc
 Optimizer: Postgres query optimizer
 DataFusion: slice 0 not eligible: receives rows from a Gather Motion with nothing to compute on them
 DataFusion: slice 1 not eligible: operator + on numeric and numeric
(5 rows)

SET datafusion.mode = off;
SELECT min(a), max(a), min(b), max(b), min(c), max(c), min(d), max(d), count(a) FROM df_nc;
     min      | max |        min        | max |                   min                   | max |              min               | max | count 
--------------+-----+-------------------+-----+-----------------------------------------+-----+--------------------------------+-----+-------
 -99999999.99 | NaN | -99999999999.9999 | NaN | -99999999999999999999999999999999999999 | NaN | -999999999999999999.9999999999 | NaN | 50006
(1 row)

SELECT g, sum(a), avg(a), sum(b), avg(b), sum(d), avg(d), min(c), count(*) FROM df_nc GROUP BY g ORDER BY g;
 g  |    sum    |           avg           |    sum     |           avg           |     sum      |          avg           |                   min                   | count 
----+-----------+-------------------------+------------+-------------------------+--------------+------------------------+-----------------------------------------+-------
  0 |  17287.49 |      2.4205390646877625 |  1693.7259 |  0.23715008401008120975 | 2.8898399195 | 0.00040462614386726407 |                699999999999999999999993 |  7142
  1 |  -7058.34 | -0.98814783704325913482 | -6498.3494 | -0.90975072098558028839 | 2.8901906492 | 0.00040461859851602968 |                 99999999999999999999999 |  7143
  2 |  -1404.17 | -0.19657986840263194736 | -1690.4247 | -0.23665472490550188996 | 2.8897313790 | 0.00040455430197396052 |                199999999999999999999998 |  7143
  3 | -15750.00 |     -2.2049559008819824 | -4882.5000 | -0.68353632927341453171 | 2.8900821096 | 0.00040460340327593448 |                299999999999999999999997 |  7143
  4 | -30095.83 |     -4.2133319333613328 | -6074.5753 | -0.85042353352932941341 | 2.8904328397 | 0.00040465250450790984 |                399999999999999999999996 |  7143
  5 | -24441.66 |     -3.4217639647207056 | -1266.6506 | -0.17732753744925101498 | 2.8899735690 | 0.00040458820789584208 |                499999999999999999999995 |  7143
  6 |   1212.51 |  0.16974800503989920202 | -8458.7259 |     -1.1841979420411592 | 2.8895142990 | 0.00040452391138177236 |                599999999999999999999994 |  7143
 90 |       NaN |                     NaN |        NaN |                     NaN |          NaN |                    NaN |                                       3 |     2
 91 |           |                         |            |                         |              |                        |                                         |     1
 92 |      0.00 |  0.00000000000000000000 |     0.0000 |  0.00000000000000000000 | 0.0000000000 | 0.00000000000000000000 | -99999999999999999999999999999999999999 |     2
 93 |      1.50 |  0.75000000000000000000 |     1.4999 |  0.74995000000000000000 | 1.5000000000 | 0.75000000000000000000 |                                       0 |     2
(11 rows)

SELECT count(*) FROM df_nc WHERE a > 100.5 AND b <= 2.25 AND c > 1e30;
 count 
-------
     0
(1 row)

SELECT id, a, b FROM df_nc WHERE a = 1.5 OR b = 1.5000 OR a = 'NaN' OR a > 99999999 ORDER BY id;
 id |      a      |        b         
----+-------------+------------------
 -7 |        1.50 |           1.5000
 -4 | 99999999.99 | 99999999999.9999
 -2 |        1.50 |           2.2500
 -1 |         NaN |              NaN
(4 rows)

SELECT count(*) FROM df_nc WHERE b < a;
 count 
-------
 24979
(1 row)

SELECT count(*), sum(x.a) FROM df_nc x JOIN df_nc2 y ON x.a = y.a2;
 count | sum 
-------+-----
     7 | NaN
(1 row)

SELECT id, a, b, c, d FROM df_nc WHERE id < 0 ORDER BY id;
 id |      a       |         b         |                    c                    |               d                
----+--------------+-------------------+-----------------------------------------+--------------------------------
 -7 |         1.50 |            1.5000 |                                       1 |                   1.5000000000
 -6 |         0.00 |           -0.0001 |                                       0 |                   0.0000000000
 -5 | -99999999.99 | -99999999999.9999 | -99999999999999999999999999999999999999 | -999999999999999999.9999999999
 -4 |  99999999.99 |  99999999999.9999 |  99999999999999999999999999999999999999 |  999999999999999999.9999999999
 -3 |              |                   |                                         |                               
 -2 |         1.50 |            2.2500 |                                       3 |                   0.0000000001
 -1 |          NaN |               NaN |                                     NaN |                            NaN
(7 rows)

SET datafusion.mode = on;
SELECT min(a), max(a), min(b), max(b), min(c), max(c), min(d), max(d), count(a) FROM df_nc;
     min      | max |        min        | max |                   min                   | max |              min               | max | count 
--------------+-----+-------------------+-----+-----------------------------------------+-----+--------------------------------+-----+-------
 -99999999.99 | NaN | -99999999999.9999 | NaN | -99999999999999999999999999999999999999 | NaN | -999999999999999999.9999999999 | NaN | 50006
(1 row)

SELECT g, sum(a), avg(a), sum(b), avg(b), sum(d), avg(d), min(c), count(*) FROM df_nc GROUP BY g ORDER BY g;
 g  |    sum    |           avg           |    sum     |           avg           |     sum      |          avg           |                   min                   | count 
----+-----------+-------------------------+------------+-------------------------+--------------+------------------------+-----------------------------------------+-------
  0 |  17287.49 |      2.4205390646877625 |  1693.7259 |  0.23715008401008120975 | 2.8898399195 | 0.00040462614386726407 |                699999999999999999999993 |  7142
  1 |  -7058.34 | -0.98814783704325913482 | -6498.3494 | -0.90975072098558028839 | 2.8901906492 | 0.00040461859851602968 |                 99999999999999999999999 |  7143
  2 |  -1404.17 | -0.19657986840263194736 | -1690.4247 | -0.23665472490550188996 | 2.8897313790 | 0.00040455430197396052 |                199999999999999999999998 |  7143
  3 | -15750.00 |     -2.2049559008819824 | -4882.5000 | -0.68353632927341453171 | 2.8900821096 | 0.00040460340327593448 |                299999999999999999999997 |  7143
  4 | -30095.83 |     -4.2133319333613328 | -6074.5753 | -0.85042353352932941341 | 2.8904328397 | 0.00040465250450790984 |                399999999999999999999996 |  7143
  5 | -24441.66 |     -3.4217639647207056 | -1266.6506 | -0.17732753744925101498 | 2.8899735690 | 0.00040458820789584208 |                499999999999999999999995 |  7143
  6 |   1212.51 |  0.16974800503989920202 | -8458.7259 |     -1.1841979420411592 | 2.8895142990 | 0.00040452391138177236 |                599999999999999999999994 |  7143
 90 |       NaN |                     NaN |        NaN |                     NaN |          NaN |                    NaN |                                       3 |     2
 91 |           |                         |            |                         |              |                        |                                         |     1
 92 |      0.00 |  0.00000000000000000000 |     0.0000 |  0.00000000000000000000 | 0.0000000000 | 0.00000000000000000000 | -99999999999999999999999999999999999999 |     2
 93 |      1.50 |  0.75000000000000000000 |     1.4999 |  0.74995000000000000000 | 1.5000000000 | 0.75000000000000000000 |                                       0 |     2
(11 rows)

SELECT count(*) FROM df_nc WHERE a > 100.5 AND b <= 2.25 AND c > 1e30;
 count 
-------
     0
(1 row)

SELECT id, a, b FROM df_nc WHERE a = 1.5 OR b = 1.5000 OR a = 'NaN' OR a > 99999999 ORDER BY id;
 id |      a      |        b         
----+-------------+------------------
 -7 |        1.50 |           1.5000
 -4 | 99999999.99 | 99999999999.9999
 -2 |        1.50 |           2.2500
 -1 |         NaN |              NaN
(4 rows)

SELECT count(*) FROM df_nc WHERE b < a;
 count 
-------
 24979
(1 row)

SELECT count(*), sum(x.a) FROM df_nc x JOIN df_nc2 y ON x.a = y.a2;
 count | sum 
-------+-----
     7 | NaN
(1 row)

SELECT id, a, b, c, d FROM df_nc WHERE id < 0 ORDER BY id;
 id |      a       |         b         |                    c                    |               d                
----+--------------+-------------------+-----------------------------------------+--------------------------------
 -7 |         1.50 |            1.5000 |                                       1 |                   1.5000000000
 -6 |         0.00 |           -0.0001 |                                       0 |                   0.0000000000
 -5 | -99999999.99 | -99999999999.9999 | -99999999999999999999999999999999999999 | -999999999999999999.9999999999
 -4 |  99999999.99 |  99999999999.9999 |  99999999999999999999999999999999999999 |  999999999999999999.9999999999
 -3 |              |                   |                                         |                               
 -2 |         1.50 |            2.2500 |                                       3 |                   0.0000000001
 -1 |          NaN |               NaN |                                     NaN |                            NaN
(7 rows)

-- split through batch Motions: DataFusion's sums, NaN included
SET datafusion.motion_batches = on;
SELECT sum(a), avg(a), sum(b), avg(b), sum(d), avg(d) FROM df_nc;
 sum | avg | sum | avg | sum | avg 
-----+-----+-----+-----+-----+-----
 NaN | NaN | NaN | NaN | NaN | NaN
(1 row)

SELECT sum(a), avg(b), max(a), min(b) FROM df_nc WHERE id > 0;
    sum    |           avg           |   max   |    min    
-----------+-------------------------+---------+-----------
 -60250.00 | -0.54355000000000000000 | 9998.89 | -999.8931
(1 row)

SET datafusion.mode = off;
SELECT sum(a), avg(a), sum(b), avg(b), sum(d), avg(d) FROM df_nc;
 sum | avg | sum | avg | sum | avg 
-----+-----+-----+-----+-----+-----
 NaN | NaN | NaN | NaN | NaN | NaN
(1 row)

SELECT sum(a), avg(b), max(a), min(b) FROM df_nc WHERE id > 0;
    sum    |           avg           |   max   |    min    
-----------+-------------------------+---------+-----------
 -60250.00 | -0.54355000000000000000 | 9998.89 | -999.8931
(1 row)

RESET datafusion.motion_batches;
DROP TABLE df_nm, df_nm_empty, df_nc, df_nc2;
ALTER DATABASE contrib_regression RESET session_preload_libraries;
DROP EXTENSION datafusion_executor;
