-- Licensed to the Apache Software Foundation (ASF) under one
-- or more contributor license agreements.  See the NOTICE file
-- distributed with this work for additional information
-- regarding copyright ownership.  The ASF licenses this file
-- to you under the Apache License, Version 2.0 (the
-- "License"); you may not use this file except in compliance
-- with the License.  You may obtain a copy of the License at
--
--   http://www.apache.org/licenses/LICENSE-2.0
--
-- Unless required by applicable law or agreed to in writing,
-- software distributed under the License is distributed on an
-- "AS IS" BASIS, WITHOUT WARRANTIES OR CONDITIONS OF ANY
-- KIND, either express or implied.  See the License for the
-- specific language governing permissions and limitations
-- under the License.
--
-- Sort and Limit at the top of a slice (S1): ORDER BY, LIMIT and OFFSET
-- with constants.  A slice sending through a sorted Gather Motion sorts in
-- DataFusion (with a Limit: the top rows only) and PostgreSQL's receiver
-- merges the streams.  Keys sort as PostgreSQL's default btree order:
-- NULLS FIRST/LAST, floats with -0 = 0 and NaN above all, numeric NaN
-- above all, dates and timestamps with infinities, strings under C.  Each
-- query runs with datafusion.mode off, then on; the two results must match.
--
CREATE EXTENSION datafusion_executor;
ALTER DATABASE contrib_regression SET session_preload_libraries = 'datafusion_executor';
\c
SET optimizer = off;
SET datafusion.worker_threads = 2;
SET datafusion.motion_batches = on;
CREATE TABLE df_so (id int, a int, b int8, f float8, g float4, t text, n numeric(12,3),
  d date, ts timestamp, z bool) DISTRIBUTED BY (id);
INSERT INTO df_so SELECT i,
  CASE WHEN i % 17 = 0 THEN NULL ELSE (i * 7919) % 1000 END,
  (i * 104729::int8) % 100003 - 50000,
  CASE i % 11 WHEN 0 THEN '-0'::float8 WHEN 1 THEN 0 WHEN 2 THEN 'NaN' WHEN 3 THEN '-NaN'
    WHEN 4 THEN 'Infinity' WHEN 5 THEN '-Infinity' WHEN 6 THEN NULL ELSE (i % 997) / 7.0 END,
  CASE WHEN i % 13 = 0 THEN NULL ELSE ((i * 31) % 501) / 3.0 END,
  CASE WHEN i % 19 = 0 THEN NULL ELSE 'k' || ((i * 37) % 3001) END,
  CASE WHEN i % 29 = 0 THEN NULL WHEN i % 31 = 0 THEN 'NaN' ELSE ((i * 13) % 20011) / 7.0 END,
  CASE WHEN i % 37 = 0 THEN NULL WHEN i % 41 = 0 THEN 'infinity' WHEN i % 43 = 0 THEN '-infinity'
    ELSE date '2000-01-01' + (i * 3) % 9000 END,
  timestamp '2020-01-01' + ((i * 7) % 100000) * interval '1 minute',
  CASE WHEN i % 7 = 0 THEN NULL ELSE i % 3 = 0 END
FROM generate_series(1, 20000) i;
ANALYZE df_so;
SET datafusion.mode = explain;
-- top rows on each segment, merged by the coordinator
EXPLAIN (COSTS OFF) SELECT id, a FROM df_so ORDER BY a, id LIMIT 5;
                                              QUERY PLAN                                              
------------------------------------------------------------------------------------------------------
 Limit
   ->  Gather Motion 3:1  (slice1; segments: 3)
         Merge Key: a, id
         ->  Limit
               ->  Sort
                     Sort Key: a, id
                     ->  Seq Scan on df_so
 Optimizer: Postgres query optimizer
 DataFusion: slice 0 not eligible: receives rows from a Gather Motion with nothing to compute on them
 DataFusion: slice 1 eligible
(10 rows)

-- every row sorted on each segment
EXPLAIN (COSTS OFF) SELECT id, b FROM df_so WHERE id % 500 = 0 ORDER BY b, id;
                                              QUERY PLAN                                              
------------------------------------------------------------------------------------------------------
 Gather Motion 3:1  (slice1; segments: 3)
   Merge Key: b, id
   ->  Sort
         Sort Key: b, id
         ->  Seq Scan on df_so
               Filter: ((id % 500) = 0)
 Optimizer: Postgres query optimizer
 DataFusion: slice 0 not eligible: receives rows from a Gather Motion with nothing to compute on them
 DataFusion: slice 1 eligible
(9 rows)

-- the top groups of a two-stage aggregation
EXPLAIN (COSTS OFF) SELECT a, count(*), sum(b) FROM df_so GROUP BY a ORDER BY 3 DESC, 1 LIMIT 5;
                                              QUERY PLAN                                              
------------------------------------------------------------------------------------------------------
 Limit
   ->  Gather Motion 3:1  (slice1; segments: 3)
         Merge Key: (sum(b)), a
         ->  Limit
               ->  Sort
                     Sort Key: (sum(b)) DESC, a
                     ->  Finalize HashAggregate
                           Group Key: a
                           ->  Redistribute Motion 3:3  (slice2; segments: 3)
                                 Hash Key: a
                                 ->  Streaming Partial HashAggregate
                                       Group Key: a
                                       ->  Seq Scan on df_so
 Optimizer: Postgres query optimizer
 DataFusion: slice 0 not eligible: receives rows from a Gather Motion with nothing to compute on them
 DataFusion: slice 1 eligible
 DataFusion: slice 2 eligible, sends Arrow batches
(17 rows)

-- a single slice
EXPLAIN (COSTS OFF) SELECT relnatts, count(*) FROM pg_class GROUP BY relnatts ORDER BY 2 DESC, 1 LIMIT 3;
                 QUERY PLAN                  
---------------------------------------------
 Limit
   ->  Sort
         Sort Key: (count(*)) DESC, relnatts
         ->  HashAggregate
               Group Key: relnatts
               ->  Seq Scan on pg_class
 Optimizer: Postgres query optimizer
 DataFusion: slice 0 eligible
(8 rows)

-- these stay on PostgreSQL, with the reason
EXPLAIN (COSTS OFF) SELECT id FROM df_so ORDER BY a FETCH FIRST 3 ROWS WITH TIES;
                    QUERY PLAN                     
---------------------------------------------------
 Limit
   ->  Gather Motion 3:1  (slice1; segments: 3)
         Merge Key: a
         ->  Limit
               ->  Sort
                     Sort Key: a
                     ->  Seq Scan on df_so
 Optimizer: Postgres query optimizer
 DataFusion: slice 0 not eligible: LIMIT WITH TIES
 DataFusion: slice 1 not eligible: LIMIT WITH TIES
(10 rows)

EXPLAIN (COSTS OFF) SELECT id FROM df_so ORDER BY t USING ~<~ LIMIT 3;
                                              QUERY PLAN                                              
------------------------------------------------------------------------------------------------------
 Limit
   ->  Gather Motion 3:1  (slice1; segments: 3)
         Merge Key: t
         ->  Limit
               ->  Sort
                     Sort Key: t USING ~<~
                     ->  Seq Scan on df_so
 Optimizer: Postgres query optimizer
 DataFusion: slice 0 not eligible: receives rows from a Gather Motion with nothing to compute on them
 DataFusion: slice 1 not eligible: sort key ordered by operator ~<~
(10 rows)

EXPLAIN (COSTS OFF) SELECT a, avg(b) FROM df_so GROUP BY a ORDER BY 2 LIMIT 3;
                                              QUERY PLAN                                              
------------------------------------------------------------------------------------------------------
 Limit
   ->  Gather Motion 3:1  (slice1; segments: 3)
         Merge Key: (avg(b))
         ->  Limit
               ->  Sort
                     Sort Key: (avg(b))
                     ->  Finalize HashAggregate
                           Group Key: a
                           ->  Redistribute Motion 3:3  (slice2; segments: 3)
                                 Hash Key: a
                                 ->  Streaming Partial HashAggregate
                                       Group Key: a
                                       ->  Seq Scan on df_so
 Optimizer: Postgres query optimizer
 DataFusion: slice 0 not eligible: receives rows from a Gather Motion with nothing to compute on them
 DataFusion: slice 1 not eligible: sort key avg returning numeric
 DataFusion: slice 2 not eligible: partial aggregate avg without batch Motions
(17 rows)

EXPLAIN (COSTS OFF) SELECT count(*) FROM (SELECT a FROM df_so ORDER BY a LIMIT 5) s;
                             QUERY PLAN                             
--------------------------------------------------------------------
 Aggregate
   ->  Limit
         ->  Gather Motion 3:1  (slice1; segments: 3)
               Merge Key: df_so.a
               ->  Limit
                     ->  Sort
                           Sort Key: df_so.a
                           ->  Seq Scan on df_so
 Optimizer: Postgres query optimizer
 DataFusion: slice 0 not eligible: Limit below the top of the slice
 DataFusion: slice 1 eligible
(11 rows)

-- a LIMIT from a parameter (a generic plan) stays on PostgreSQL
PREPARE df_top(int8) AS SELECT id FROM df_so ORDER BY id DESC LIMIT $1;
SET plan_cache_mode = force_generic_plan;
SET datafusion.mode = off;
EXECUTE df_top(3);
  id   
-------
 20000
 19999
 19998
(3 rows)

SELECT id, a FROM df_so ORDER BY a, id LIMIT 5;
  id  | a 
------+---
 1000 | 0
 2000 | 0
 3000 | 0
 4000 | 0
 5000 | 0
(5 rows)

SELECT id, a FROM df_so ORDER BY a DESC NULLS LAST, id DESC LIMIT 5 OFFSET 3;
  id   |  a  
-------+-----
 16321 | 999
 15321 | 999
 14321 | 999
 13321 | 999
 12321 | 999
(5 rows)

SELECT id, a FROM df_so ORDER BY a NULLS FIRST, id LIMIT 3;
 id | a 
----+---
 17 |  
 34 |  
 51 |  
(3 rows)

SELECT id, b FROM df_so WHERE id % 500 = 0 ORDER BY b, id;
  id   |   b    
-------+--------
 17500 | -47481
  4000 | -46567
  8000 | -43134
 12000 | -39701
 16000 | -36268
  2500 | -35354
 20000 | -32835
  6500 | -31921
 10500 | -28488
 14500 | -25055
  1000 | -24141
 18500 | -21622
  5000 | -20708
  9000 | -17275
 13000 | -13842
 17000 | -10409
  3500 |  -9495
  7500 |  -6062
 11500 |  -2629
 15500 |    804
  2000 |   1718
 19500 |   4237
  6000 |   5151
 10000 |   8584
 14000 |  12017
   500 |  12931
 18000 |  15450
  4500 |  16364
  8500 |  19797
 12500 |  23230
 16500 |  26663
  3000 |  27577
  7000 |  31010
 11000 |  34443
 15000 |  37876
  1500 |  38790
 19000 |  41309
  5500 |  42223
  9500 |  45656
 13500 |  49089
(40 rows)

SELECT id, f FROM df_so WHERE id < 40 ORDER BY f, id;
 id |         f          
----+--------------------
  5 |          -Infinity
 16 |          -Infinity
 27 |          -Infinity
 38 |          -Infinity
  1 |                  0
 11 |                 -0
 12 |                  0
 22 |                 -0
 23 |                  0
 33 |                 -0
 34 |                  0
  7 |                  1
  8 | 1.1428571428571428
  9 | 1.2857142857142858
 10 | 1.4285714285714286
 18 | 2.5714285714285716
 19 | 2.7142857142857144
 20 |  2.857142857142857
 21 |                  3
 29 |  4.142857142857143
 30 |  4.285714285714286
 31 |  4.428571428571429
 32 |  4.571428571428571
  4 |           Infinity
 15 |           Infinity
 26 |           Infinity
 37 |           Infinity
  2 |                NaN
  3 |                NaN
 13 |                NaN
 14 |                NaN
 24 |                NaN
 25 |                NaN
 35 |                NaN
 36 |                NaN
  6 |                   
 17 |                   
 28 |                   
 39 |                   
(39 rows)

SELECT id, f FROM df_so ORDER BY f DESC NULLS LAST, id LIMIT 6;
 id |  f  
----+-----
  2 | NaN
  3 | NaN
 13 | NaN
 14 | NaN
 24 | NaN
 25 | NaN
(6 rows)

SELECT id, g FROM df_so ORDER BY g DESC, id LIMIT 4;
 id | g 
----+---
 13 |  
 26 |  
 39 |  
 52 |  
(4 rows)

SELECT id, t FROM df_so ORDER BY t COLLATE "C" DESC, id LIMIT 4;
 id | t 
----+---
 19 | 
 38 | 
 57 | 
 76 | 
(4 rows)

SELECT id, n FROM df_so ORDER BY n DESC NULLS LAST, id LIMIT 4;
 id  |  n  
-----+-----
  31 | NaN
  62 | NaN
  93 | NaN
 124 | NaN
(4 rows)

SELECT id, n FROM df_so ORDER BY n NULLS FIRST, id LIMIT 4;
 id  | n 
-----+---
  29 |  
  58 |  
  87 |  
 116 |  
(4 rows)

SELECT id, d FROM df_so ORDER BY d, id LIMIT 4;
 id  |     d     
-----+-----------
  43 | -infinity
  86 | -infinity
 129 | -infinity
 172 | -infinity
(4 rows)

SELECT id, d FROM df_so ORDER BY d DESC, id LIMIT 4;
 id  | d 
-----+---
  37 | 
  74 | 
 111 | 
 148 | 
(4 rows)

SELECT id, ts FROM df_so ORDER BY ts DESC, id LIMIT 3 OFFSET 100;
  id   |            ts            
-------+--------------------------
 14185 | Mon Mar 09 22:55:00 2020
 14184 | Mon Mar 09 22:48:00 2020
 14183 | Mon Mar 09 22:41:00 2020
(3 rows)

SELECT id, z FROM df_so ORDER BY z DESC NULLS LAST, id LIMIT 3;
 id | z 
----+---
  3 | t
  6 | t
  9 | t
(3 rows)

SELECT id, a + b AS s FROM df_so ORDER BY a + b, id LIMIT 3;
  id   |   s    
-------+--------
 14135 | -49929
  1185 | -49843
 10432 | -49839
(3 rows)

SELECT id FROM df_so ORDER BY a * 2 DESC, b, id LIMIT 3;
  id   
-------
 19023
 12019
  5015
(3 rows)

SELECT a, count(*), sum(b) FROM df_so GROUP BY a ORDER BY 3 DESC, 1 LIMIT 5;
  a  | count |  sum   
-----+-------+--------
 820 |    19 | 171024
 956 |    19 | 161061
 832 |    19 | 156704
 693 |    18 | 152588
 696 |    18 | 148293
(5 rows)

SELECT f, count(*) FROM df_so WHERE f IS NULL OR f <> 0 GROUP BY f ORDER BY f NULLS FIRST LIMIT 4;
          f          | count 
---------------------+-------
                     |  1818
           -Infinity |  1818
 0.14285714285714285 |     8
  0.2857142857142857 |     8
(4 rows)

SELECT relnatts, count(*) > 0 AS any FROM pg_class GROUP BY relnatts ORDER BY 1 LIMIT 3;
 relnatts | any 
----------+-----
        1 | t
        2 | t
        3 | t
(3 rows)

SELECT x.id, y.id FROM df_so x JOIN df_so y ON x.id = y.a ORDER BY x.id, y.id LIMIT 5;
 id |  id  
----+------
  1 |  679
  1 | 1679
  1 | 2679
  1 | 3679
  1 | 4679
(5 rows)

SELECT count(*) FROM (SELECT id FROM df_so LIMIT 10) s;
 count 
-------
    10
(1 row)

SELECT id FROM df_so ORDER BY id LIMIT 0;
 id 
----
(0 rows)

SELECT id FROM df_so ORDER BY b, id LIMIT ALL OFFSET 19998;
  id  
------
 9776
 4888
(2 rows)

SELECT id FROM df_so ORDER BY b, id LIMIT NULL OFFSET 19998;
  id  
------
 9776
 4888
(2 rows)

SELECT id FROM df_so ORDER BY b, id OFFSET 30000;
 id 
----
(0 rows)

SET datafusion.mode = on;
EXECUTE df_top(3);
  id   
-------
 20000
 19999
 19998
(3 rows)

SELECT id, a FROM df_so ORDER BY a, id LIMIT 5;
  id  | a 
------+---
 1000 | 0
 2000 | 0
 3000 | 0
 4000 | 0
 5000 | 0
(5 rows)

SELECT id, a FROM df_so ORDER BY a DESC NULLS LAST, id DESC LIMIT 5 OFFSET 3;
  id   |  a  
-------+-----
 16321 | 999
 15321 | 999
 14321 | 999
 13321 | 999
 12321 | 999
(5 rows)

SELECT id, a FROM df_so ORDER BY a NULLS FIRST, id LIMIT 3;
 id | a 
----+---
 17 |  
 34 |  
 51 |  
(3 rows)

SELECT id, b FROM df_so WHERE id % 500 = 0 ORDER BY b, id;
  id   |   b    
-------+--------
 17500 | -47481
  4000 | -46567
  8000 | -43134
 12000 | -39701
 16000 | -36268
  2500 | -35354
 20000 | -32835
  6500 | -31921
 10500 | -28488
 14500 | -25055
  1000 | -24141
 18500 | -21622
  5000 | -20708
  9000 | -17275
 13000 | -13842
 17000 | -10409
  3500 |  -9495
  7500 |  -6062
 11500 |  -2629
 15500 |    804
  2000 |   1718
 19500 |   4237
  6000 |   5151
 10000 |   8584
 14000 |  12017
   500 |  12931
 18000 |  15450
  4500 |  16364
  8500 |  19797
 12500 |  23230
 16500 |  26663
  3000 |  27577
  7000 |  31010
 11000 |  34443
 15000 |  37876
  1500 |  38790
 19000 |  41309
  5500 |  42223
  9500 |  45656
 13500 |  49089
(40 rows)

SELECT id, f FROM df_so WHERE id < 40 ORDER BY f, id;
 id |         f          
----+--------------------
  5 |          -Infinity
 16 |          -Infinity
 27 |          -Infinity
 38 |          -Infinity
  1 |                  0
 11 |                 -0
 12 |                  0
 22 |                 -0
 23 |                  0
 33 |                 -0
 34 |                  0
  7 |                  1
  8 | 1.1428571428571428
  9 | 1.2857142857142858
 10 | 1.4285714285714286
 18 | 2.5714285714285716
 19 | 2.7142857142857144
 20 |  2.857142857142857
 21 |                  3
 29 |  4.142857142857143
 30 |  4.285714285714286
 31 |  4.428571428571429
 32 |  4.571428571428571
  4 |           Infinity
 15 |           Infinity
 26 |           Infinity
 37 |           Infinity
  2 |                NaN
  3 |                NaN
 13 |                NaN
 14 |                NaN
 24 |                NaN
 25 |                NaN
 35 |                NaN
 36 |                NaN
  6 |                   
 17 |                   
 28 |                   
 39 |                   
(39 rows)

SELECT id, f FROM df_so ORDER BY f DESC NULLS LAST, id LIMIT 6;
 id |  f  
----+-----
  2 | NaN
  3 | NaN
 13 | NaN
 14 | NaN
 24 | NaN
 25 | NaN
(6 rows)

SELECT id, g FROM df_so ORDER BY g DESC, id LIMIT 4;
 id | g 
----+---
 13 |  
 26 |  
 39 |  
 52 |  
(4 rows)

SELECT id, t FROM df_so ORDER BY t COLLATE "C" DESC, id LIMIT 4;
 id | t 
----+---
 19 | 
 38 | 
 57 | 
 76 | 
(4 rows)

SELECT id, n FROM df_so ORDER BY n DESC NULLS LAST, id LIMIT 4;
 id  |  n  
-----+-----
  31 | NaN
  62 | NaN
  93 | NaN
 124 | NaN
(4 rows)

SELECT id, n FROM df_so ORDER BY n NULLS FIRST, id LIMIT 4;
 id  | n 
-----+---
  29 |  
  58 |  
  87 |  
 116 |  
(4 rows)

SELECT id, d FROM df_so ORDER BY d, id LIMIT 4;
 id  |     d     
-----+-----------
  43 | -infinity
  86 | -infinity
 129 | -infinity
 172 | -infinity
(4 rows)

SELECT id, d FROM df_so ORDER BY d DESC, id LIMIT 4;
 id  | d 
-----+---
  37 | 
  74 | 
 111 | 
 148 | 
(4 rows)

SELECT id, ts FROM df_so ORDER BY ts DESC, id LIMIT 3 OFFSET 100;
  id   |            ts            
-------+--------------------------
 14185 | Mon Mar 09 22:55:00 2020
 14184 | Mon Mar 09 22:48:00 2020
 14183 | Mon Mar 09 22:41:00 2020
(3 rows)

SELECT id, z FROM df_so ORDER BY z DESC NULLS LAST, id LIMIT 3;
 id | z 
----+---
  3 | t
  6 | t
  9 | t
(3 rows)

SELECT id, a + b AS s FROM df_so ORDER BY a + b, id LIMIT 3;
  id   |   s    
-------+--------
 14135 | -49929
  1185 | -49843
 10432 | -49839
(3 rows)

SELECT id FROM df_so ORDER BY a * 2 DESC, b, id LIMIT 3;
  id   
-------
 19023
 12019
  5015
(3 rows)

SELECT a, count(*), sum(b) FROM df_so GROUP BY a ORDER BY 3 DESC, 1 LIMIT 5;
  a  | count |  sum   
-----+-------+--------
 820 |    19 | 171024
 956 |    19 | 161061
 832 |    19 | 156704
 693 |    18 | 152588
 696 |    18 | 148293
(5 rows)

SELECT f, count(*) FROM df_so WHERE f IS NULL OR f <> 0 GROUP BY f ORDER BY f NULLS FIRST LIMIT 4;
          f          | count 
---------------------+-------
                     |  1818
           -Infinity |  1818
 0.14285714285714285 |     8
  0.2857142857142857 |     8
(4 rows)

SELECT relnatts, count(*) > 0 AS any FROM pg_class GROUP BY relnatts ORDER BY 1 LIMIT 3;
 relnatts | any 
----------+-----
        1 | t
        2 | t
        3 | t
(3 rows)

SELECT x.id, y.id FROM df_so x JOIN df_so y ON x.id = y.a ORDER BY x.id, y.id LIMIT 5;
 id |  id  
----+------
  1 |  679
  1 | 1679
  1 | 2679
  1 | 3679
  1 | 4679
(5 rows)

SELECT count(*) FROM (SELECT id FROM df_so LIMIT 10) s;
 count 
-------
    10
(1 row)

SELECT id FROM df_so ORDER BY id LIMIT 0;
 id 
----
(0 rows)

SELECT id FROM df_so ORDER BY b, id LIMIT ALL OFFSET 19998;
  id  
------
 9776
 4888
(2 rows)

SELECT id FROM df_so ORDER BY b, id LIMIT NULL OFFSET 19998;
  id  
------
 9776
 4888
(2 rows)

SELECT id FROM df_so ORDER BY b, id OFFSET 30000;
 id 
----
(0 rows)

RESET plan_cache_mode;
DEALLOCATE df_top;
DROP TABLE df_so;
ALTER DATABASE contrib_regression RESET session_preload_libraries;
DROP EXTENSION datafusion_executor;
