-- Licensed to the Apache Software Foundation (ASF) under one
-- or more contributor license agreements.  See the NOTICE file
-- distributed with this work for additional information
-- regarding copyright ownership.  The ASF licenses this file
-- to you under the Apache License, Version 2.0 (the
-- "License"); you may not use this file except in compliance
-- with the License.  You may obtain a copy of the License at
--
--   http://www.apache.org/licenses/LICENSE-2.0
--
-- Unless required by applicable law or agreed to in writing,
-- software distributed under the License is distributed on an
-- "AS IS" BASIS, WITHOUT WARRANTIES OR CONDITIONS OF ANY
-- KIND, either express or implied.  See the License for the
-- specific language governing permissions and limitations
-- under the License.
--
-- text and varchar: UTF-8 bytes in Arrow string columns, compared byte by
-- byte.  Equality (filters, GROUP BY, join keys) agrees with PostgreSQL
-- under any deterministic collation; ordering comparisons and min/max only
-- under the C collation.  Whether the database's default collation is C is
-- each node's own, so a slice that depends on it decides per node and its
-- Motions carry tuples, but for those read by a part of it that does not
-- depend on it.  Each query runs with datafusion.mode off, then
-- on; the two results must match.
--
CREATE EXTENSION datafusion_executor;
ALTER DATABASE contrib_regression SET session_preload_libraries = 'datafusion_executor';
\c
SET optimizer = off;
SET datafusion.worker_threads = 2;
SET datafusion.motion_batches = on;
SET enable_nestloop = off;
SET enable_mergejoin = off;
CREATE COLLATION df_ci (provider = icu, locale = 'und-u-ks-level2', deterministic = false);
CREATE TABLE df_st (id int4, t text, v varchar(20), u text COLLATE "unicode", ci text COLLATE df_ci)
DISTRIBUTED BY (id);
INSERT INTO df_st SELECT i, 'k' || (i % 5000), 'v' || (i % 300), chr(65 + i % 58) || i % 7,
  CASE WHEN i % 2 = 0 THEN 'ABC' ELSE 'abc' END
FROM generate_series(1, 100000) i;
INSERT INTO df_st VALUES (-1, '', '', '', ''), (-2, NULL, NULL, NULL, NULL),
  (-3, '中文字符', 'ünïcödé', '😀', 'Ä'), (-4, E'quo"te\\back\nline', E'tab\there', 'b', 'B'),
  (-5, 'k1 ', 'v1 ', 'a', 'A');
CREATE TABLE df_st2 AS SELECT id, t::varchar(30) AS vt, v::text AS tv FROM df_st
WHERE id % 3 = 0 OR id < 0 DISTRIBUTED BY (id);
-- Values stored out of line in the TOAST table.
CREATE TABLE df_st_big (id int4, t text) DISTRIBUTED BY (id);
ALTER TABLE df_st_big ALTER COLUMN t SET STORAGE EXTERNAL;
INSERT INTO df_st_big SELECT i, repeat(md5(i::text), 300 + i % 7) FROM generate_series(1, 2000) i;
ANALYZE df_st;
ANALYZE df_st2;
ANALYZE df_st_big;
SET datafusion.mode = explain;
EXPLAIN (COSTS OFF) SELECT count(*) FROM df_st WHERE t = 'k42' AND v <> 'v1';
                                  QUERY PLAN                                   
-------------------------------------------------------------------------------
 Finalize Aggregate
   ->  Gather Motion 3:1  (slice1; segments: 3)
         ->  Partial Aggregate
               ->  Seq Scan on df_st
                     Filter: (((v)::text <> 'v1'::text) AND (t = 'k42'::text))
 Optimizer: Postgres query optimizer
 DataFusion: slice 0 eligible
 DataFusion: slice 1 eligible, sends Arrow batches
(8 rows)

EXPLAIN (COSTS OFF) SELECT min(t COLLATE "C"), max(v COLLATE "C") FROM df_st WHERE t COLLATE "C" > 'k4';
                      QUERY PLAN                      
------------------------------------------------------
 Finalize Aggregate
   ->  Gather Motion 3:1  (slice1; segments: 3)
         ->  Partial Aggregate
               ->  Seq Scan on df_st
                     Filter: ((t)::text > 'k4'::text)
 Optimizer: Postgres query optimizer
 DataFusion: slice 0 eligible
 DataFusion: slice 1 eligible, sends Arrow batches
(8 rows)

EXPLAIN (COSTS OFF) SELECT count(*) FROM df_st WHERE u < 'b';
                                     QUERY PLAN                                      
-------------------------------------------------------------------------------------
 Finalize Aggregate
   ->  Gather Motion 3:1  (slice1; segments: 3)
         ->  Partial Aggregate
               ->  Seq Scan on df_st
                     Filter: (u < 'b'::text)
 Optimizer: Postgres query optimizer
 DataFusion: slice 0 eligible
 DataFusion: slice 1 not eligible: operator < on text under a collation other than C
(8 rows)

EXPLAIN (COSTS OFF) SELECT min(u) FROM df_st;
                                       QUERY PLAN                                       
----------------------------------------------------------------------------------------
 Finalize Aggregate
   ->  Gather Motion 3:1  (slice1; segments: 3)
         ->  Partial Aggregate
               ->  Seq Scan on df_st
 Optimizer: Postgres query optimizer
 DataFusion: slice 0 not eligible: aggregate min of text under a collation other than C
 DataFusion: slice 1 not eligible: aggregate min of text under a collation other than C
(7 rows)

EXPLAIN (COSTS OFF) SELECT count(*) FROM df_st WHERE ci = 'abc';
                                       QUERY PLAN                                        
-----------------------------------------------------------------------------------------
 Finalize Aggregate
   ->  Gather Motion 3:1  (slice1; segments: 3)
         ->  Partial Aggregate
               ->  Seq Scan on df_st
                     Filter: (ci = 'abc'::text)
 Optimizer: Postgres query optimizer
 DataFusion: slice 0 eligible
 DataFusion: slice 1 not eligible: operator = on text under a nondeterministic collation
(8 rows)

EXPLAIN (COSTS OFF) SELECT count(*) FROM df_st WHERE t LIKE 'k1%' AND v NOT LIKE '%9';
                                   QUERY PLAN                                    
---------------------------------------------------------------------------------
 Finalize Aggregate
   ->  Gather Motion 3:1  (slice1; segments: 3)
         ->  Partial Aggregate
               ->  Seq Scan on df_st
                     Filter: ((t ~~ 'k1%'::text) AND ((v)::text !~~ '%9'::text))
 Optimizer: Postgres query optimizer
 DataFusion: slice 0 eligible
 DataFusion: slice 1 eligible, sends Arrow batches
(8 rows)

-- PostgreSQL raises an error only on rows that reach the dangling escape.
EXPLAIN (COSTS OFF) SELECT count(*) FROM df_st WHERE t LIKE E'k1\\';
                                   QUERY PLAN                                   
--------------------------------------------------------------------------------
 Finalize Aggregate
   ->  Gather Motion 3:1  (slice1; segments: 3)
         ->  Partial Aggregate
               ->  Seq Scan on df_st
                     Filter: (t ~~ 'k1\'::text)
 Optimizer: Postgres query optimizer
 DataFusion: slice 0 eligible
 DataFusion: slice 1 not eligible: LIKE pattern ending with an escape character
(8 rows)

EXPLAIN (COSTS OFF) SELECT count(*) FROM df_st WHERE t || 'x' = 'k1x' AND char_length(v) > 2;
                                           QUERY PLAN                                            
-------------------------------------------------------------------------------------------------
 Finalize Aggregate
   ->  Gather Motion 3:1  (slice1; segments: 3)
         ->  Partial Aggregate
               ->  Seq Scan on df_st
                     Filter: ((char_length((v)::text) > 2) AND ((t || 'x'::text) = 'k1x'::text))
 Optimizer: Postgres query optimizer
 DataFusion: slice 0 eligible
 DataFusion: slice 1 eligible, sends Arrow batches
(8 rows)

EXPLAIN (COSTS OFF) SELECT count(*) FROM df_st a JOIN df_st2 b ON a.t = b.vt;
                                QUERY PLAN                                 
---------------------------------------------------------------------------
 Finalize Aggregate
   ->  Gather Motion 3:1  (slice1; segments: 3)
         ->  Partial Aggregate
               ->  Hash Join
                     Hash Cond: (a.t = (b.vt)::text)
                     ->  Seq Scan on df_st a
                     ->  Hash
                           ->  Broadcast Motion 3:3  (slice2; segments: 3)
                                 ->  Seq Scan on df_st2 b
 Optimizer: Postgres query optimizer
 DataFusion: slice 0 eligible
 DataFusion: slice 1 eligible, sends Arrow batches
 DataFusion: slice 2 eligible, sends Arrow batches
(13 rows)

EXPLAIN (COSTS OFF) SELECT t FROM df_st_big WHERE id = 1500;
                                              QUERY PLAN                                              
------------------------------------------------------------------------------------------------------
 Gather Motion 1:1  (slice1; segments: 1)
   ->  Seq Scan on df_st_big
         Filter: (id = 1500)
 Optimizer: Postgres query optimizer
 DataFusion: slice 0 not eligible: receives rows from a Gather Motion with nothing to compute on them
 DataFusion: slice 1 eligible
(6 rows)

-- Redistributed by text and varchar keys as batches (hashtext through
-- cdbhash is hash_any of the bytes).
EXPLAIN (COSTS OFF) SELECT t, count(*) FROM df_st GROUP BY t;
                                              QUERY PLAN                                              
------------------------------------------------------------------------------------------------------
 Gather Motion 3:1  (slice1; segments: 3)
   ->  Finalize HashAggregate
         Group Key: t
         ->  Redistribute Motion 3:3  (slice2; segments: 3)
               Hash Key: t
               ->  Streaming Partial HashAggregate
                     Group Key: t
                     ->  Seq Scan on df_st
 Optimizer: Postgres query optimizer
 DataFusion: slice 0 not eligible: receives rows from a Gather Motion with nothing to compute on them
 DataFusion: slice 1 eligible
 DataFusion: slice 2 eligible, sends Arrow batches
(12 rows)

EXPLAIN (COSTS OFF) SELECT count(*) FROM df_st a JOIN df_st b ON a.t = b.t;
                                  QUERY PLAN                                  
------------------------------------------------------------------------------
 Finalize Aggregate
   ->  Gather Motion 3:1  (slice1; segments: 3)
         ->  Partial Aggregate
               ->  Hash Join
                     Hash Cond: (a.t = b.t)
                     ->  Redistribute Motion 3:3  (slice2; segments: 3)
                           Hash Key: a.t
                           ->  Seq Scan on df_st a
                     ->  Hash
                           ->  Redistribute Motion 3:3  (slice3; segments: 3)
                                 Hash Key: b.t
                                 ->  Seq Scan on df_st b
 Optimizer: Postgres query optimizer
 DataFusion: slice 0 eligible
 DataFusion: slice 1 eligible, sends Arrow batches
 DataFusion: slice 2 eligible, sends Arrow batches
 DataFusion: slice 3 eligible, sends Arrow batches
(17 rows)

SET datafusion.mode = off;
SELECT count(*), count(t), count(v) FROM df_st WHERE t = 'k42' OR v = 'v7';
 count | count | count 
-------+-------+-------
   354 |   354 |   354
(1 row)

SELECT id, t, v FROM df_st WHERE id < 0 ORDER BY id;
 id |      t      |      v       
----+-------------+--------------
 -5 | k1          | v1 
 -4 | quo"te\back+| tab     here
    | line        | 
 -3 | 中文字符    | ünïcödé
 -2 |             | 
 -1 |             | 
(5 rows)

SELECT id FROM df_st WHERE t = E'quo"te\\back\nline' OR t = '中文字符' OR t = '' OR v = E'tab\there'
ORDER BY id;
 id 
----
 -4
 -3
 -1
(3 rows)

SELECT min(t COLLATE "C"), max(t COLLATE "C"), min(v COLLATE "C"), max(v COLLATE "C") FROM df_st;
 min |   max    | min |   max   
-----+----------+-----+---------
     | 中文字符 |     | ünïcödé
(1 row)

SELECT count(*) FROM df_st WHERE t COLLATE "C" > 'k4' AND t COLLATE "C" <= 'k5';
 count 
-------
 22220
(1 row)

SELECT count(*), min(t), max(v) FROM df_st WHERE t >= 'k2' AND v < 'v5';
 count | min | max 
-------+-----+-----
 63461 | k2  | v49
(1 row)

SELECT count(*), count(DISTINCT n) FROM (SELECT t, count(*) AS n FROM df_st GROUP BY t) s;
 count | count 
-------+-------
  5005 |     2
(1 row)

SELECT v, count(*), max(id) FROM df_st
WHERE v = 'v1' OR v = 'v1 ' OR v = 'ünïcödé' OR v = '' OR v IS NULL GROUP BY v ORDER BY v;
    v    | count |  max  
---------+-------+-------
         |     1 |    -1
 v1      |   334 | 99901
 v1      |     1 |    -5
 ünïcödé |     1 |    -3
         |     1 |    -2
(5 rows)

SELECT u, count(*) FROM df_st GROUP BY u ORDER BY u COLLATE "C" LIMIT 5;
 u  | count 
----+-------
    |     1
 A0 |   246
 A1 |   246
 A2 |   247
 A3 |   246
(5 rows)

SELECT count(*), max(a.id) FROM df_st a JOIN df_st2 b ON a.t = b.vt;
 count  |  max   
--------+--------
 666664 | 100000
(1 row)

SELECT count(*) FROM df_st WHERE t LIKE 'k1%' AND v NOT LIKE '%9';
 count 
-------
 20001
(1 row)

SELECT count(*) FROM df_st WHERE t LIKE '%2_3' OR t LIKE '中_字%' OR v LIKE E'tab\t%';
 count 
-------
  1002
(1 row)

SELECT id FROM df_st WHERE t LIKE E'%\\\\%' OR t LIKE E'%quo"te%line' OR t LIKE '' ORDER BY id;
 id 
----
 -4
 -1
(2 rows)

-- a pattern from a column
SELECT count(*) FROM df_st WHERE (t LIKE v) IS NOT NULL AND t NOT LIKE u;
 count  
--------
 100002
(1 row)

SELECT count(*), sum(a.id), sum(b.id) FROM df_st a JOIN df_st b ON a.t = b.t;
  count  |     sum      |     sum      
---------+--------------+--------------
 2000004 | 100000999987 | 100000999987
(1 row)

SELECT count(*), sum(n) FROM (SELECT v, count(*) AS n FROM df_st GROUP BY v) s;
 count |  sum   
-------+--------
   305 | 100005
(1 row)

SELECT count(*), count(b.id) FROM df_st a LEFT JOIN df_st2 b ON a.v = b.tv AND b.id < 3000;
 count  | count  
--------+--------
 399669 | 333001
(1 row)

SELECT count(*) FROM df_st_big WHERE t = repeat(md5('7'), 300);
 count 
-------
     1
(1 row)

SELECT count(*) FROM df_st_big a JOIN df_st_big b ON a.t = b.t;
 count 
-------
  2000
(1 row)

SELECT count(*), count(DISTINCT n) FROM (SELECT t, count(*) AS n FROM df_st_big GROUP BY t) s;
 count | count 
-------+-------
  2000 |     1
(1 row)

-- A value the segments' slice hands out, checked on the client.
SELECT t AS big FROM df_st_big WHERE id = 1500 \gset
SELECT length(:'big'), md5(:'big');
 length |               md5                
--------+----------------------------------
   9664 | 42590384552ce5ebf03a0a287b9cbb57
(1 row)

SET datafusion.mode = on;
SELECT count(*), count(t), count(v) FROM df_st WHERE t = 'k42' OR v = 'v7';
 count | count | count 
-------+-------+-------
   354 |   354 |   354
(1 row)

SELECT id, t, v FROM df_st WHERE id < 0 ORDER BY id;
 id |      t      |      v       
----+-------------+--------------
 -5 | k1          | v1 
 -4 | quo"te\back+| tab     here
    | line        | 
 -3 | 中文字符    | ünïcödé
 -2 |             | 
 -1 |             | 
(5 rows)

SELECT id FROM df_st WHERE t = E'quo"te\\back\nline' OR t = '中文字符' OR t = '' OR v = E'tab\there'
ORDER BY id;
 id 
----
 -4
 -3
 -1
(3 rows)

SELECT min(t COLLATE "C"), max(t COLLATE "C"), min(v COLLATE "C"), max(v COLLATE "C") FROM df_st;
 min |   max    | min |   max   
-----+----------+-----+---------
     | 中文字符 |     | ünïcödé
(1 row)

SELECT count(*) FROM df_st WHERE t COLLATE "C" > 'k4' AND t COLLATE "C" <= 'k5';
 count 
-------
 22220
(1 row)

SELECT count(*), min(t), max(v) FROM df_st WHERE t >= 'k2' AND v < 'v5';
 count | min | max 
-------+-----+-----
 63461 | k2  | v49
(1 row)

SELECT count(*), count(DISTINCT n) FROM (SELECT t, count(*) AS n FROM df_st GROUP BY t) s;
 count | count 
-------+-------
  5005 |     2
(1 row)

SELECT v, count(*), max(id) FROM df_st
WHERE v = 'v1' OR v = 'v1 ' OR v = 'ünïcödé' OR v = '' OR v IS NULL GROUP BY v ORDER BY v;
    v    | count |  max  
---------+-------+-------
         |     1 |    -1
 v1      |   334 | 99901
 v1      |     1 |    -5
 ünïcödé |     1 |    -3
         |     1 |    -2
(5 rows)

SELECT u, count(*) FROM df_st GROUP BY u ORDER BY u COLLATE "C" LIMIT 5;
 u  | count 
----+-------
    |     1
 A0 |   246
 A1 |   246
 A2 |   247
 A3 |   246
(5 rows)

SELECT count(*), max(a.id) FROM df_st a JOIN df_st2 b ON a.t = b.vt;
 count  |  max   
--------+--------
 666664 | 100000
(1 row)

SELECT count(*) FROM df_st WHERE t LIKE 'k1%' AND v NOT LIKE '%9';
 count 
-------
 20001
(1 row)

SELECT count(*) FROM df_st WHERE t LIKE '%2_3' OR t LIKE '中_字%' OR v LIKE E'tab\t%';
 count 
-------
  1002
(1 row)

SELECT id FROM df_st WHERE t LIKE E'%\\\\%' OR t LIKE E'%quo"te%line' OR t LIKE '' ORDER BY id;
 id 
----
 -4
 -1
(2 rows)

-- a pattern from a column
SELECT count(*) FROM df_st WHERE (t LIKE v) IS NOT NULL AND t NOT LIKE u;
 count  
--------
 100002
(1 row)

SELECT count(*), sum(a.id), sum(b.id) FROM df_st a JOIN df_st b ON a.t = b.t;
  count  |     sum      |     sum      
---------+--------------+--------------
 2000004 | 100000999987 | 100000999987
(1 row)

SELECT count(*), sum(n) FROM (SELECT v, count(*) AS n FROM df_st GROUP BY v) s;
 count |  sum   
-------+--------
   305 | 100005
(1 row)

SELECT count(*), count(b.id) FROM df_st a LEFT JOIN df_st2 b ON a.v = b.tv AND b.id < 3000;
 count  | count  
--------+--------
 399669 | 333001
(1 row)

SELECT count(*) FROM df_st_big WHERE t = repeat(md5('7'), 300);
 count 
-------
     1
(1 row)

SELECT count(*) FROM df_st_big a JOIN df_st_big b ON a.t = b.t;
 count 
-------
  2000
(1 row)

SELECT count(*), count(DISTINCT n) FROM (SELECT t, count(*) AS n FROM df_st_big GROUP BY t) s;
 count | count 
-------+-------
  2000 |     1
(1 row)

-- A value the segments' slice hands out, checked on the client.
SELECT t AS big FROM df_st_big WHERE id = 1500 \gset
SELECT length(:'big'), md5(:'big');
 length |               md5                
--------+----------------------------------
   9664 | 42590384552ce5ebf03a0a287b9cbb57
(1 row)

-- String functions over edge values: empty, multibyte and 4-byte
-- characters, separators, and integers at both ends of their range.
CREATE TABLE df_sf (id serial, s text, p text, n int4) DISTRIBUTED BY (id);
INSERT INTO df_sf (s, p, n)
SELECT s, p, n FROM
  unnest(ARRAY['', 'abc', ' pad  ', '中文字符串', '😀a😀', 'a,b,,c', 'aaa', NULL]) s,
  unnest(ARRAY['', 'a', ',', 'aa', '😀', NULL]) p,
  unnest(ARRAY[-2147483648, -2, 0, 3, 2147483647, NULL]::int4[]) n;
ANALYZE df_sf;
SET datafusion.mode = explain;
EXPLAIN (COSTS OFF) SELECT s || p, concat(s, p), substr(s, n), split_part(s, p, 2), lower(s COLLATE "C") FROM df_sf;
                                              QUERY PLAN                                              
------------------------------------------------------------------------------------------------------
 Gather Motion 3:1  (slice1; segments: 3)
   ->  Seq Scan on df_sf
 Optimizer: Postgres query optimizer
 DataFusion: slice 0 not eligible: receives rows from a Gather Motion with nothing to compute on them
 DataFusion: slice 1 eligible
(5 rows)

EXPLAIN (COSTS OFF) SELECT count(*) FROM df_sf WHERE concat(s, n) = s;
                           QUERY PLAN                           
----------------------------------------------------------------
 Aggregate
   ->  Gather Motion 3:1  (slice1; segments: 3)
         ->  Seq Scan on df_sf
               Filter: (concat(s, n) = s)
 Optimizer: Postgres query optimizer
 DataFusion: slice 0 eligible
 DataFusion: slice 1 not eligible: function concat() of integer
(7 rows)

EXPLAIN (COSTS OFF) SELECT count(*) FROM df_sf WHERE md5(s) = s;
                    QUERY PLAN                    
--------------------------------------------------
 Aggregate
   ->  Gather Motion 3:1  (slice1; segments: 3)
         ->  Seq Scan on df_sf
               Filter: (md5(s) = s)
 Optimizer: Postgres query optimizer
 DataFusion: slice 0 eligible
 DataFusion: slice 1 not eligible: function md5()
(7 rows)

SET datafusion.mode = off;
SELECT s, p, n, char_length(s), octet_length(s), s || p, concat(s, NULL::text, p), strpos(s, p),
  replace(s, p, '#'), starts_with(s, p), split_part(s, p, 2), split_part(s, p, -1)
FROM df_sf WHERE n = 3 ORDER BY id;
     s      | p  | n | char_length | octet_length |   ?column?   |    concat    | strpos |  replace   | starts_with | split_part | split_part 
------------+----+---+-------------+--------------+--------------+--------------+--------+------------+-------------+------------+------------
            |    | 3 |           0 |            0 |              |              |      1 |            | t           |            | 
            | a  | 3 |           0 |            0 | a            | a            |      0 |            | f           |            | 
            | ,  | 3 |           0 |            0 | ,            | ,            |      0 |            | f           |            | 
            | aa | 3 |           0 |            0 | aa           | aa           |      0 |            | f           |            | 
            | 😀 | 3 |           0 |            0 | 😀           | 😀           |      0 |            | f           |            | 
            |    | 3 |           0 |            0 |              |              |        |            |             |            | 
 abc        |    | 3 |           3 |            3 | abc          | abc          |      1 | abc        | t           |            | abc
 abc        | a  | 3 |           3 |            3 | abca         | abca         |      1 | #bc        | t           | bc         | bc
 abc        | ,  | 3 |           3 |            3 | abc,         | abc,         |      0 | abc        | f           |            | abc
 abc        | aa | 3 |           3 |            3 | abcaa        | abcaa        |      0 | abc        | f           |            | abc
 abc        | 😀 | 3 |           3 |            3 | abc😀        | abc😀        |      0 | abc        | f           |            | abc
 abc        |    | 3 |           3 |            3 |              | abc          |        |            |             |            | 
  pad       |    | 3 |           6 |            6 |  pad         |  pad         |      1 |  pad       | t           |            |  pad  
  pad       | a  | 3 |           6 |            6 |  pad  a      |  pad  a      |      3 |  p#d       | f           | d          | d  
  pad       | ,  | 3 |           6 |            6 |  pad  ,      |  pad  ,      |      0 |  pad       | f           |            |  pad  
  pad       | aa | 3 |           6 |            6 |  pad  aa     |  pad  aa     |      0 |  pad       | f           |            |  pad  
  pad       | 😀 | 3 |           6 |            6 |  pad  😀     |  pad  😀     |      0 |  pad       | f           |            |  pad  
  pad       |    | 3 |           6 |            6 |              |  pad         |        |            |             |            | 
 中文字符串 |    | 3 |           5 |           15 | 中文字符串   | 中文字符串   |      1 | 中文字符串 | t           |            | 中文字符串
 中文字符串 | a  | 3 |           5 |           15 | 中文字符串a  | 中文字符串a  |      0 | 中文字符串 | f           |            | 中文字符串
 中文字符串 | ,  | 3 |           5 |           15 | 中文字符串,  | 中文字符串,  |      0 | 中文字符串 | f           |            | 中文字符串
 中文字符串 | aa | 3 |           5 |           15 | 中文字符串aa | 中文字符串aa |      0 | 中文字符串 | f           |            | 中文字符串
 中文字符串 | 😀 | 3 |           5 |           15 | 中文字符串😀 | 中文字符串😀 |      0 | 中文字符串 | f           |            | 中文字符串
 中文字符串 |    | 3 |           5 |           15 |              | 中文字符串   |        |            |             |            | 
 😀a😀      |    | 3 |           3 |            9 | 😀a😀        | 😀a😀        |      1 | 😀a😀      | t           |            | 😀a😀
 😀a😀      | a  | 3 |           3 |            9 | 😀a😀a       | 😀a😀a       |      2 | 😀#😀      | f           | 😀         | 😀
 😀a😀      | ,  | 3 |           3 |            9 | 😀a😀,       | 😀a😀,       |      0 | 😀a😀      | f           |            | 😀a😀
 😀a😀      | aa | 3 |           3 |            9 | 😀a😀aa      | 😀a😀aa      |      0 | 😀a😀      | f           |            | 😀a😀
 😀a😀      | 😀 | 3 |           3 |            9 | 😀a😀😀      | 😀a😀😀      |      1 | #a#        | t           | a          | 
 😀a😀      |    | 3 |           3 |            9 |              | 😀a😀        |        |            |             |            | 
 a,b,,c     |    | 3 |           6 |            6 | a,b,,c       | a,b,,c       |      1 | a,b,,c     | t           |            | a,b,,c
 a,b,,c     | a  | 3 |           6 |            6 | a,b,,ca      | a,b,,ca      |      1 | #,b,,c     | t           | ,b,,c      | ,b,,c
 a,b,,c     | ,  | 3 |           6 |            6 | a,b,,c,      | a,b,,c,      |      2 | a#b##c     | f           | b          | c
 a,b,,c     | aa | 3 |           6 |            6 | a,b,,caa     | a,b,,caa     |      0 | a,b,,c     | f           |            | a,b,,c
 a,b,,c     | 😀 | 3 |           6 |            6 | a,b,,c😀     | a,b,,c😀     |      0 | a,b,,c     | f           |            | a,b,,c
 a,b,,c     |    | 3 |           6 |            6 |              | a,b,,c       |        |            |             |            | 
 aaa        |    | 3 |           3 |            3 | aaa          | aaa          |      1 | aaa        | t           |            | aaa
 aaa        | a  | 3 |           3 |            3 | aaaa         | aaaa         |      1 | ###        | t           |            | 
 aaa        | ,  | 3 |           3 |            3 | aaa,         | aaa,         |      0 | aaa        | f           |            | aaa
 aaa        | aa | 3 |           3 |            3 | aaaaa        | aaaaa        |      1 | #a         | t           | a          | a
 aaa        | 😀 | 3 |           3 |            3 | aaa😀        | aaa😀        |      0 | aaa        | f           |            | aaa
 aaa        |    | 3 |           3 |            3 |              | aaa          |        |            |             |            | 
            |    | 3 |             |              |              |              |        |            |             |            | 
            | a  | 3 |             |              |              | a            |        |            |             |            | 
            | ,  | 3 |             |              |              | ,            |        |            |             |            | 
            | aa | 3 |             |              |              | aa           |        |            |             |            | 
            | 😀 | 3 |             |              |              | 😀           |        |            |             |            | 
            |    | 3 |             |              |              |              |        |            |             |            | 
(48 rows)

SELECT s, n, substr(s, n), substr(s, n, 3), left(s, n), right(s, n), lpad(s, n, 'xy'), rpad(s, n, 'xy')
FROM df_sf WHERE p = 'a' AND n < 100 ORDER BY id;
     s      |      n      |   substr   | substr |  left  |   right    |  lpad  |  rpad  
------------+-------------+------------+--------+--------+------------+--------+--------
            | -2147483648 |            |        |        |            |        | 
            |          -2 |            |        |        |            |        | 
            |           0 |            |        |        |            |        | 
            |           3 |            |        |        |            | xyx    | xyx
 abc        | -2147483648 | abc        |        |        | abc        |        | 
 abc        |          -2 | abc        |        | a      | c          |        | 
 abc        |           0 | abc        | ab     |        |            |        | 
 abc        |           3 | c          | c      | abc    | abc        | abc    | abc
  pad       | -2147483648 |  pad       |        |        |  pad       |        | 
  pad       |          -2 |  pad       |        |  pad   | ad         |        | 
  pad       |           0 |  pad       |  p     |        |            |        | 
  pad       |           3 | ad         | ad     |  pa    | d          |  pa    |  pa
 中文字符串 | -2147483648 | 中文字符串 |        |        | 中文字符串 |        | 
 中文字符串 |          -2 | 中文字符串 |        | 中文字 | 字符串     |        | 
 中文字符串 |           0 | 中文字符串 | 中文   |        |            |        | 
 中文字符串 |           3 | 字符串     | 字符串 | 中文字 | 字符串     | 中文字 | 中文字
 😀a😀      | -2147483648 | 😀a😀      |        |        | 😀a😀      |        | 
 😀a😀      |          -2 | 😀a😀      |        | 😀     | 😀         |        | 
 😀a😀      |           0 | 😀a😀      | 😀a    |        |            |        | 
 😀a😀      |           3 | 😀         | 😀     | 😀a😀  | 😀a😀      | 😀a😀  | 😀a😀
 a,b,,c     | -2147483648 | a,b,,c     |        |        | a,b,,c     |        | 
 a,b,,c     |          -2 | a,b,,c     |        | a,b,   | b,,c       |        | 
 a,b,,c     |           0 | a,b,,c     | a,     |        |            |        | 
 a,b,,c     |           3 | b,,c       | b,,    | a,b    | ,,c        | a,b    | a,b
 aaa        | -2147483648 | aaa        |        |        | aaa        |        | 
 aaa        |          -2 | aaa        |        | a      | a          |        | 
 aaa        |           0 | aaa        | aa     |        |            |        | 
 aaa        |           3 | a          | a      | aaa    | aaa        | aaa    | aaa
            | -2147483648 |            |        |        |            |        | 
            |          -2 |            |        |        |            |        | 
            |           0 |            |        |        |            |        | 
            |           3 |            |        |        |            |        | 
(32 rows)

SELECT s, btrim(s), btrim(s, 'a😀'), ltrim(s, ' a'), rtrim(s), reverse(s), repeat(s, 2),
  lower(s COLLATE "C"), upper(s COLLATE "C")
FROM df_sf WHERE p = '' AND n = 0 ORDER BY id;
     s      |   btrim    |   btrim    |   ltrim    |   rtrim    |  reverse   |        repeat        |   lower    |   upper    
------------+------------+------------+------------+------------+------------+----------------------+------------+------------
            |            |            |            |            |            |                      |            | 
 abc        | abc        | bc         | bc         | abc        | cba        | abcabc               | abc        | ABC
  pad       | pad        |  pad       | pad        |  pad       |   dap      |  pad   pad           |  pad       |  PAD  
 中文字符串 | 中文字符串 | 中文字符串 | 中文字符串 | 中文字符串 | 串符字文中 | 中文字符串中文字符串 | 中文字符串 | 中文字符串
 😀a😀      | 😀a😀      |            | 😀a😀      | 😀a😀      | 😀a😀      | 😀a😀😀a😀           | 😀a😀      | 😀A😀
 a,b,,c     | a,b,,c     | ,b,,c      | ,b,,c      | a,b,,c     | c,,b,a     | a,b,,ca,b,,c         | a,b,,c     | A,B,,C
 aaa        | aaa        |            |            | aaa        | aaa        | aaaaaa               | aaa        | AAA
            |            |            |            |            |            |                      |            | 
(8 rows)

SELECT count(*) FROM df_sf WHERE n <> 0 AND split_part(s, ',', n) = 'b';
 count 
-------
     0
(1 row)

SET datafusion.mode = on;
SELECT s, p, n, char_length(s), octet_length(s), s || p, concat(s, NULL::text, p), strpos(s, p),
  replace(s, p, '#'), starts_with(s, p), split_part(s, p, 2), split_part(s, p, -1)
FROM df_sf WHERE n = 3 ORDER BY id;
     s      | p  | n | char_length | octet_length |   ?column?   |    concat    | strpos |  replace   | starts_with | split_part | split_part 
------------+----+---+-------------+--------------+--------------+--------------+--------+------------+-------------+------------+------------
            |    | 3 |           0 |            0 |              |              |      1 |            | t           |            | 
            | a  | 3 |           0 |            0 | a            | a            |      0 |            | f           |            | 
            | ,  | 3 |           0 |            0 | ,            | ,            |      0 |            | f           |            | 
            | aa | 3 |           0 |            0 | aa           | aa           |      0 |            | f           |            | 
            | 😀 | 3 |           0 |            0 | 😀           | 😀           |      0 |            | f           |            | 
            |    | 3 |           0 |            0 |              |              |        |            |             |            | 
 abc        |    | 3 |           3 |            3 | abc          | abc          |      1 | abc        | t           |            | abc
 abc        | a  | 3 |           3 |            3 | abca         | abca         |      1 | #bc        | t           | bc         | bc
 abc        | ,  | 3 |           3 |            3 | abc,         | abc,         |      0 | abc        | f           |            | abc
 abc        | aa | 3 |           3 |            3 | abcaa        | abcaa        |      0 | abc        | f           |            | abc
 abc        | 😀 | 3 |           3 |            3 | abc😀        | abc😀        |      0 | abc        | f           |            | abc
 abc        |    | 3 |           3 |            3 |              | abc          |        |            |             |            | 
  pad       |    | 3 |           6 |            6 |  pad         |  pad         |      1 |  pad       | t           |            |  pad  
  pad       | a  | 3 |           6 |            6 |  pad  a      |  pad  a      |      3 |  p#d       | f           | d          | d  
  pad       | ,  | 3 |           6 |            6 |  pad  ,      |  pad  ,      |      0 |  pad       | f           |            |  pad  
  pad       | aa | 3 |           6 |            6 |  pad  aa     |  pad  aa     |      0 |  pad       | f           |            |  pad  
  pad       | 😀 | 3 |           6 |            6 |  pad  😀     |  pad  😀     |      0 |  pad       | f           |            |  pad  
  pad       |    | 3 |           6 |            6 |              |  pad         |        |            |             |            | 
 中文字符串 |    | 3 |           5 |           15 | 中文字符串   | 中文字符串   |      1 | 中文字符串 | t           |            | 中文字符串
 中文字符串 | a  | 3 |           5 |           15 | 中文字符串a  | 中文字符串a  |      0 | 中文字符串 | f           |            | 中文字符串
 中文字符串 | ,  | 3 |           5 |           15 | 中文字符串,  | 中文字符串,  |      0 | 中文字符串 | f           |            | 中文字符串
 中文字符串 | aa | 3 |           5 |           15 | 中文字符串aa | 中文字符串aa |      0 | 中文字符串 | f           |            | 中文字符串
 中文字符串 | 😀 | 3 |           5 |           15 | 中文字符串😀 | 中文字符串😀 |      0 | 中文字符串 | f           |            | 中文字符串
 中文字符串 |    | 3 |           5 |           15 |              | 中文字符串   |        |            |             |            | 
 😀a😀      |    | 3 |           3 |            9 | 😀a😀        | 😀a😀        |      1 | 😀a😀      | t           |            | 😀a😀
 😀a😀      | a  | 3 |           3 |            9 | 😀a😀a       | 😀a😀a       |      2 | 😀#😀      | f           | 😀         | 😀
 😀a😀      | ,  | 3 |           3 |            9 | 😀a😀,       | 😀a😀,       |      0 | 😀a😀      | f           |            | 😀a😀
 😀a😀      | aa | 3 |           3 |            9 | 😀a😀aa      | 😀a😀aa      |      0 | 😀a😀      | f           |            | 😀a😀
 😀a😀      | 😀 | 3 |           3 |            9 | 😀a😀😀      | 😀a😀😀      |      1 | #a#        | t           | a          | 
 😀a😀      |    | 3 |           3 |            9 |              | 😀a😀        |        |            |             |            | 
 a,b,,c     |    | 3 |           6 |            6 | a,b,,c       | a,b,,c       |      1 | a,b,,c     | t           |            | a,b,,c
 a,b,,c     | a  | 3 |           6 |            6 | a,b,,ca      | a,b,,ca      |      1 | #,b,,c     | t           | ,b,,c      | ,b,,c
 a,b,,c     | ,  | 3 |           6 |            6 | a,b,,c,      | a,b,,c,      |      2 | a#b##c     | f           | b          | c
 a,b,,c     | aa | 3 |           6 |            6 | a,b,,caa     | a,b,,caa     |      0 | a,b,,c     | f           |            | a,b,,c
 a,b,,c     | 😀 | 3 |           6 |            6 | a,b,,c😀     | a,b,,c😀     |      0 | a,b,,c     | f           |            | a,b,,c
 a,b,,c     |    | 3 |           6 |            6 |              | a,b,,c       |        |            |             |            | 
 aaa        |    | 3 |           3 |            3 | aaa          | aaa          |      1 | aaa        | t           |            | aaa
 aaa        | a  | 3 |           3 |            3 | aaaa         | aaaa         |      1 | ###        | t           |            | 
 aaa        | ,  | 3 |           3 |            3 | aaa,         | aaa,         |      0 | aaa        | f           |            | aaa
 aaa        | aa | 3 |           3 |            3 | aaaaa        | aaaaa        |      1 | #a         | t           | a          | a
 aaa        | 😀 | 3 |           3 |            3 | aaa😀        | aaa😀        |      0 | aaa        | f           |            | aaa
 aaa        |    | 3 |           3 |            3 |              | aaa          |        |            |             |            | 
            |    | 3 |             |              |              |              |        |            |             |            | 
            | a  | 3 |             |              |              | a            |        |            |             |            | 
            | ,  | 3 |             |              |              | ,            |        |            |             |            | 
            | aa | 3 |             |              |              | aa           |        |            |             |            | 
            | 😀 | 3 |             |              |              | 😀           |        |            |             |            | 
            |    | 3 |             |              |              |              |        |            |             |            | 
(48 rows)

SELECT s, n, substr(s, n), substr(s, n, 3), left(s, n), right(s, n), lpad(s, n, 'xy'), rpad(s, n, 'xy')
FROM df_sf WHERE p = 'a' AND n < 100 ORDER BY id;
     s      |      n      |   substr   | substr |  left  |   right    |  lpad  |  rpad  
------------+-------------+------------+--------+--------+------------+--------+--------
            | -2147483648 |            |        |        |            |        | 
            |          -2 |            |        |        |            |        | 
            |           0 |            |        |        |            |        | 
            |           3 |            |        |        |            | xyx    | xyx
 abc        | -2147483648 | abc        |        |        | abc        |        | 
 abc        |          -2 | abc        |        | a      | c          |        | 
 abc        |           0 | abc        | ab     |        |            |        | 
 abc        |           3 | c          | c      | abc    | abc        | abc    | abc
  pad       | -2147483648 |  pad       |        |        |  pad       |        | 
  pad       |          -2 |  pad       |        |  pad   | ad         |        | 
  pad       |           0 |  pad       |  p     |        |            |        | 
  pad       |           3 | ad         | ad     |  pa    | d          |  pa    |  pa
 中文字符串 | -2147483648 | 中文字符串 |        |        | 中文字符串 |        | 
 中文字符串 |          -2 | 中文字符串 |        | 中文字 | 字符串     |        | 
 中文字符串 |           0 | 中文字符串 | 中文   |        |            |        | 
 中文字符串 |           3 | 字符串     | 字符串 | 中文字 | 字符串     | 中文字 | 中文字
 😀a😀      | -2147483648 | 😀a😀      |        |        | 😀a😀      |        | 
 😀a😀      |          -2 | 😀a😀      |        | 😀     | 😀         |        | 
 😀a😀      |           0 | 😀a😀      | 😀a    |        |            |        | 
 😀a😀      |           3 | 😀         | 😀     | 😀a😀  | 😀a😀      | 😀a😀  | 😀a😀
 a,b,,c     | -2147483648 | a,b,,c     |        |        | a,b,,c     |        | 
 a,b,,c     |          -2 | a,b,,c     |        | a,b,   | b,,c       |        | 
 a,b,,c     |           0 | a,b,,c     | a,     |        |            |        | 
 a,b,,c     |           3 | b,,c       | b,,    | a,b    | ,,c        | a,b    | a,b
 aaa        | -2147483648 | aaa        |        |        | aaa        |        | 
 aaa        |          -2 | aaa        |        | a      | a          |        | 
 aaa        |           0 | aaa        | aa     |        |            |        | 
 aaa        |           3 | a          | a      | aaa    | aaa        | aaa    | aaa
            | -2147483648 |            |        |        |            |        | 
            |          -2 |            |        |        |            |        | 
            |           0 |            |        |        |            |        | 
            |           3 |            |        |        |            |        | 
(32 rows)

SELECT s, btrim(s), btrim(s, 'a😀'), ltrim(s, ' a'), rtrim(s), reverse(s), repeat(s, 2),
  lower(s COLLATE "C"), upper(s COLLATE "C")
FROM df_sf WHERE p = '' AND n = 0 ORDER BY id;
     s      |   btrim    |   btrim    |   ltrim    |   rtrim    |  reverse   |        repeat        |   lower    |   upper    
------------+------------+------------+------------+------------+------------+----------------------+------------+------------
            |            |            |            |            |            |                      |            | 
 abc        | abc        | bc         | bc         | abc        | cba        | abcabc               | abc        | ABC
  pad       | pad        |  pad       | pad        |  pad       |   dap      |  pad   pad           |  pad       |  PAD  
 中文字符串 | 中文字符串 | 中文字符串 | 中文字符串 | 中文字符串 | 串符字文中 | 中文字符串中文字符串 | 中文字符串 | 中文字符串
 😀a😀      | 😀a😀      |            | 😀a😀      | 😀a😀      | 😀a😀      | 😀a😀😀a😀           | 😀a😀      | 😀A😀
 a,b,,c     | a,b,,c     | ,b,,c      | ,b,,c      | a,b,,c     | c,,b,a     | a,b,,ca,b,,c         | a,b,,c     | A,B,,C
 aaa        | aaa        |            |            | aaa        | aaa        | aaaaaa               | aaa        | AAA
            |            |            |            |            |            |                      |            | 
(8 rows)

SELECT count(*) FROM df_sf WHERE n <> 0 AND split_part(s, ',', n) = 'b';
 count 
-------
     0
(1 row)

-- PostgreSQL's errors, with their SQLSTATEs.
\set VERBOSITY sqlstate
SELECT count(substr(s, 1, -1)) FROM df_sf;
ERROR:  22011
SELECT count(split_part(s, ',', 0)) FROM df_sf;
ERROR:  22023
SELECT count(repeat(s, 1000000000)) FROM df_sf;
ERROR:  54000
SELECT count(lpad(s, 300000000, 'x')) FROM df_sf;
ERROR:  54000
\set VERBOSITY default
-- Strings handed out row by row through a cursor (rows arrive from the
-- segments in any order, so they are all alike).
BEGIN;
DECLARE df_st_cur CURSOR FOR SELECT v, t FROM df_st WHERE v = 'v1' AND t = 'k301';
FETCH 2 FROM df_st_cur;
 v  |  t   
----+------
 v1 | k301
 v1 | k301
(2 rows)

FETCH 2 FROM df_st_cur;
 v  |  t   
----+------
 v1 | k301
 v1 | k301
(2 rows)

CLOSE df_st_cur;
COMMIT;
-- character (B1): values as stored, blank-padded, so they print and match
-- LIKE padded; compared, hashed, grouped and sorted without trailing blanks
-- (a tab sorts before the end of the value, not after the padding), as
-- bpcharcmp does.  The cast to text drops the blanks; length counts without
-- them, octet_length with.  min and max stay on PostgreSQL.
CREATE TABLE df_bp (id int, f char(1), c char(10), w char(25)) DISTRIBUTED BY (id);
INSERT INTO df_bp SELECT i,
  CASE i % 3 WHEN 0 THEN 'A' WHEN 1 THEN 'N' ELSE 'R' END,
  CASE WHEN i % 17 = 0 THEN NULL WHEN i % 13 = 0 THEN E'ab\t' WHEN i % 11 = 0 THEN 'ab'
       WHEN i % 7 = 0 THEN ' x ' ELSE 'SEG' || (i % 5) END,
  'NATION_' || (i % 25)
FROM generate_series(1, 20000) i;
CREATE TABLE df_bp2 (k char(15), n int) DISTRIBUTED BY (n);
INSERT INTO df_bp2 SELECT 'SEG' || i, i FROM generate_series(0, 6) i;
INSERT INTO df_bp2 VALUES ('ab', 100), (E'ab\t', 101);
ANALYZE df_bp;
ANALYZE df_bp2;
SET datafusion.mode = explain;
EXPLAIN (COSTS OFF) SELECT f, c, count(*) FROM df_bp WHERE c IN ('ab', 'SEG2') GROUP BY f, c;
                                              QUERY PLAN                                              
------------------------------------------------------------------------------------------------------
 Gather Motion 3:1  (slice1; segments: 3)
   ->  Finalize HashAggregate
         Group Key: f, c
         ->  Redistribute Motion 3:3  (slice2; segments: 3)
               Hash Key: f, c
               ->  Streaming Partial HashAggregate
                     Group Key: f, c
                     ->  Seq Scan on df_bp
                           Filter: (c = ANY ('{ab,SEG2}'::bpchar[]))
 Optimizer: Postgres query optimizer
 DataFusion: slice 0 not eligible: receives rows from a Gather Motion with nothing to compute on them
 DataFusion: slice 1 eligible
 DataFusion: slice 2 eligible, sends Arrow batches
(13 rows)

EXPLAIN (COSTS OFF) SELECT b.n, count(*) FROM df_bp a JOIN df_bp2 b ON a.c = b.k GROUP BY b.n;
                                              QUERY PLAN                                              
------------------------------------------------------------------------------------------------------
 Gather Motion 3:1  (slice1; segments: 3)
   ->  Finalize HashAggregate
         Group Key: b.n
         ->  Redistribute Motion 3:3  (slice2; segments: 3)
               Hash Key: b.n
               ->  Streaming Partial HashAggregate
                     Group Key: b.n
                     ->  Hash Join
                           Hash Cond: (a.c = b.k)
                           ->  Seq Scan on df_bp a
                           ->  Hash
                                 ->  Broadcast Motion 3:3  (slice3; segments: 3)
                                       ->  Seq Scan on df_bp2 b
 Optimizer: Postgres query optimizer
 DataFusion: slice 0 not eligible: receives rows from a Gather Motion with nothing to compute on them
 DataFusion: slice 1 eligible
 DataFusion: slice 2 eligible, sends Arrow batches
 DataFusion: slice 3 eligible, sends Arrow batches
(18 rows)

EXPLAIN (COSTS OFF) SELECT max(c) FROM df_bp;
                          QUERY PLAN                          
--------------------------------------------------------------
 Finalize Aggregate
   ->  Gather Motion 3:1  (slice1; segments: 3)
         ->  Partial Aggregate
               ->  Seq Scan on df_bp
 Optimizer: Postgres query optimizer
 DataFusion: slice 0 not eligible: aggregate max of character
 DataFusion: slice 1 not eligible: aggregate max of character
(7 rows)

SET datafusion.mode = off;
SELECT count(*) FROM df_bp WHERE c = 'SEG1' OR c = 'ab      ';
 count 
-------
  4288
(1 row)

SELECT count(*) FROM df_bp WHERE c LIKE 'SEG%' OR c LIKE 'ab';
 count 
-------
 13539
(1 row)

SELECT count(*) FROM df_bp WHERE c LIKE 'ab        ';
 count 
-------
  1581
(1 row)

SELECT count(*) FROM df_bp WHERE c COLLATE "C" < 'ab' OR c COLLATE "C" > E'ab\t';
 count 
-------
 15795
(1 row)

SELECT f, c, count(*) FROM df_bp WHERE c IN ('ab', 'SEG2', E'ab\t') GROUP BY f, c ORDER BY f, c COLLATE "C";
 f |        c        | count 
---+-----------------+-------
 A | SEG2            |   902
 A | ab              |   527
 A | ab              |   482
 N | SEG2            |   901
 N | ab              |   527
 N | ab              |   483
 R | SEG2            |   905
 R | ab              |   527
 R | ab              |   483
(9 rows)

SELECT id, c, '|' || c || '|' AS t, length(c), octet_length(c), concat(c, '|') FROM df_bp
WHERE id % 1000 < 8 ORDER BY c COLLATE "C" DESC NULLS LAST, id LIMIT 12;
  id   |        c        |     t     | length | octet_length |      concat      
-------+-----------------+-----------+--------+--------------+------------------
  1001 | ab              | |ab     | |      3 |           10 | ab             |
  2002 | ab              | |ab     | |      3 |           10 | ab             |
  3003 | ab              | |ab     | |      3 |           10 | ab             |
  4004 | ab              | |ab     | |      3 |           10 | ab             |
  5005 | ab              | |ab     | |      3 |           10 | ab             |
  6006 | ab              | |ab     | |      3 |           10 | ab             |
  7007 | ab              | |ab     | |      3 |           10 | ab             |
 13000 | ab              | |ab     | |      3 |           10 | ab             |
 14001 | ab              | |ab     | |      3 |           10 | ab             |
 15002 | ab              | |ab     | |      3 |           10 | ab             |
 16003 | ab              | |ab     | |      3 |           10 | ab             |
 17004 | ab              | |ab     | |      3 |           10 | ab             |
(12 rows)

SELECT b.n, count(*) FROM df_bp a JOIN df_bp2 b ON a.c = b.k GROUP BY b.n ORDER BY b.n;
  n  | count 
-----+-------
   0 |  2708
   1 |  2707
   2 |  2708
   3 |  2708
   4 |  2708
 100 |  1581
 101 |  1448
(7 rows)

SELECT substring(w::text from 1 for 8) AS s, count(DISTINCT c), count(*) FROM df_bp GROUP BY 1 ORDER BY 1;
    s     | count | count 
----------+-------+-------
 NATION_0 |     4 |   800
 NATION_1 |     8 |  8800
 NATION_2 |     8 |  4800
 NATION_3 |     4 |   800
 NATION_4 |     4 |   800
 NATION_5 |     4 |   800
 NATION_6 |     4 |   800
 NATION_7 |     4 |   800
 NATION_8 |     4 |   800
 NATION_9 |     4 |   800
(10 rows)

SET datafusion.mode = on;
SELECT count(*) FROM df_bp WHERE c = 'SEG1' OR c = 'ab      ';
 count 
-------
  4288
(1 row)

SELECT count(*) FROM df_bp WHERE c LIKE 'SEG%' OR c LIKE 'ab';
 count 
-------
 13539
(1 row)

SELECT count(*) FROM df_bp WHERE c LIKE 'ab        ';
 count 
-------
  1581
(1 row)

SELECT count(*) FROM df_bp WHERE c COLLATE "C" < 'ab' OR c COLLATE "C" > E'ab\t';
 count 
-------
 15795
(1 row)

SELECT f, c, count(*) FROM df_bp WHERE c IN ('ab', 'SEG2', E'ab\t') GROUP BY f, c ORDER BY f, c COLLATE "C";
 f |        c        | count 
---+-----------------+-------
 A | SEG2            |   902
 A | ab              |   527
 A | ab              |   482
 N | SEG2            |   901
 N | ab              |   527
 N | ab              |   483
 R | SEG2            |   905
 R | ab              |   527
 R | ab              |   483
(9 rows)

SELECT id, c, '|' || c || '|' AS t, length(c), octet_length(c), concat(c, '|') FROM df_bp
WHERE id % 1000 < 8 ORDER BY c COLLATE "C" DESC NULLS LAST, id LIMIT 12;
  id   |        c        |     t     | length | octet_length |      concat      
-------+-----------------+-----------+--------+--------------+------------------
  1001 | ab              | |ab     | |      3 |           10 | ab             |
  2002 | ab              | |ab     | |      3 |           10 | ab             |
  3003 | ab              | |ab     | |      3 |           10 | ab             |
  4004 | ab              | |ab     | |      3 |           10 | ab             |
  5005 | ab              | |ab     | |      3 |           10 | ab             |
  6006 | ab              | |ab     | |      3 |           10 | ab             |
  7007 | ab              | |ab     | |      3 |           10 | ab             |
 13000 | ab              | |ab     | |      3 |           10 | ab             |
 14001 | ab              | |ab     | |      3 |           10 | ab             |
 15002 | ab              | |ab     | |      3 |           10 | ab             |
 16003 | ab              | |ab     | |      3 |           10 | ab             |
 17004 | ab              | |ab     | |      3 |           10 | ab             |
(12 rows)

SELECT b.n, count(*) FROM df_bp a JOIN df_bp2 b ON a.c = b.k GROUP BY b.n ORDER BY b.n;
  n  | count 
-----+-------
   0 |  2708
   1 |  2707
   2 |  2708
   3 |  2708
   4 |  2708
 100 |  1581
 101 |  1448
(7 rows)

SELECT substring(w::text from 1 for 8) AS s, count(DISTINCT c), count(*) FROM df_bp GROUP BY 1 ORDER BY 1;
    s     | count | count 
----------+-------+-------
 NATION_0 |     4 |   800
 NATION_1 |     8 |  8800
 NATION_2 |     8 |  4800
 NATION_3 |     4 |   800
 NATION_4 |     4 |   800
 NATION_5 |     4 |   800
 NATION_6 |     4 |   800
 NATION_7 |     4 |   800
 NATION_8 |     4 |   800
 NATION_9 |     4 |   800
(10 rows)

-- A slice sorting by the default collation still reads the batches of a
-- split numeric sum (TPC-H Q1): every node runs the aggregate below the
-- Sort in DataFusion, and the Sort too where the collation is C.
CREATE TABLE df_lc (id int4, f char(1), s char(1), q numeric(15,2)) DISTRIBUTED BY (id);
INSERT INTO df_lc SELECT i, chr(65 + i % 3), chr(70 + i % 2), (i % 50) + 0.25
FROM generate_series(1, 30000) i;
ANALYZE df_lc;
SET datafusion.mode = explain;
EXPLAIN (COSTS OFF) SELECT f, s, sum(q), avg(q), count(*) FROM df_lc GROUP BY f, s ORDER BY f, s;
                                              QUERY PLAN                                              
------------------------------------------------------------------------------------------------------
 Gather Motion 3:1  (slice1; segments: 3)
   Merge Key: f, s
   ->  Sort
         Sort Key: f, s
         ->  Finalize HashAggregate
               Group Key: f, s
               ->  Redistribute Motion 3:3  (slice2; segments: 3)
                     Hash Key: f, s
                     ->  Streaming Partial HashAggregate
                           Group Key: f, s
                           ->  Seq Scan on df_lc
 Optimizer: Postgres query optimizer
 DataFusion: slice 0 not eligible: receives rows from a Gather Motion with nothing to compute on them
 DataFusion: slice 1 eligible
 DataFusion: slice 2 eligible, sends Arrow batches
(15 rows)

SET datafusion.mode = off;
SELECT f, s, sum(q), avg(q), count(*) FROM df_lc GROUP BY f, s ORDER BY f, s;
 f | s |    sum    |         avg         | count 
---+---+-----------+---------------------+-------
 A | F | 121250.00 | 24.2500000000000000 |  5000
 A | G | 126250.00 | 25.2500000000000000 |  5000
 B | F | 121250.00 | 24.2500000000000000 |  5000
 B | G | 126250.00 | 25.2500000000000000 |  5000
 C | F | 121250.00 | 24.2500000000000000 |  5000
 C | G | 126250.00 | 25.2500000000000000 |  5000
(6 rows)

SET datafusion.mode = on;
SELECT f, s, sum(q), avg(q), count(*) FROM df_lc GROUP BY f, s ORDER BY f, s;
 f | s |    sum    |         avg         | count 
---+---+-----------+---------------------+-------
 A | F | 121250.00 | 24.2500000000000000 |  5000
 A | G | 126250.00 | 25.2500000000000000 |  5000
 B | F | 121250.00 | 24.2500000000000000 |  5000
 B | G | 126250.00 | 25.2500000000000000 |  5000
 C | F | 121250.00 | 24.2500000000000000 |  5000
 C | G | 126250.00 | 25.2500000000000000 |  5000
(6 rows)

DROP TABLE df_lc;
DROP TABLE df_st, df_st2, df_st_big, df_sf, df_bp, df_bp2;
DROP COLLATION df_ci;
ALTER DATABASE contrib_regression RESET session_preload_libraries;
DROP EXTENSION datafusion_executor;
